 
****************************************
Report : design
        -physical
Design : CNN_chip
Version: O-2018.06-SP1
Date   : Sun May  3 17:46:06 2026
****************************************

	Parasitic source    : LPE
	Parasitic mode      : RealRC
	Extraction mode     : MIN_MAX
	Extraction derating : 0/25/125
****************************** P&R Summary ********************************
Date : Sun May  3 17:46:06 2026
Machine Host Name: Student
Working Directory: /home/student/Desktop/Workspace/PhySyn/work
Library Name:      CNN_Top_clk_with_driving.mw
Cell Name:         CNN_chip.CEL;1
Design Statistics:
    Number of Macro Cells:         15
    Number of Module Cells:        254777
    Number of Pins:                1969491
    Number of IO Pad Cells:        61
    Number of IO Pins:             45
    Number of Nets:                260588
    Average Pins Per Net (Signal): 3.1908

Chip Utilization:
    Total Macro Cell Area:         1357310.91
    Total Std Cell Area:           4940003.38
    Total Blockage Area:           1509819.70
    Total Pad Cell Area:           1149960.00
    Core Size:     width 3382.50, height 3381.84; area 11439073.80
    Pad Core Size: width 3442.50, height 3441.84; area 11848534.20
    Chip Size:     width 3862.50, height 3861.84; area 14916357.00
    Std cells utilization:         49.75% 
    Cell/Core Ratio:               55.05%
    Cell/Chip Ratio:               49.93%
    Number of Cell Rows:            671

Master Instantiation:
	MasterName	Type	InstCount
	=================================
	FILL1		STD	119294
	FILL2		STD	90851
	FILL4		STD	42542
	FILL8		STD	26478
	NAND2X1		STD	15544
	NAND2XL		STD	15450
	FILL16		STD	14688
	INVX1		STD	11670
	OAI21XL		STD	9988
	NOR2XL		STD	9935
	DFFHQXL		STD	9409
	INVXL		STD	8307
	NOR2X1		STD	8139
	AOI21XL		STD	7417
	FILL32		STD	7364
	XNOR2X1		STD	6302
	XNOR2XL		STD	6182
	AOI21X1		STD	5924
	MXI2X1		STD	5509
	NAND2X2		STD	5140
	NAND2BX1	STD	4957
	DFFXL		STD	4940
	AND2XL		STD	4846
	NAND2BXL	STD	4841
	OR2XL		STD	4432
	NOR2BXL		STD	4044
	XOR2X1		STD	3999
	NAND2X4		STD	3979
	NOR2BX1		STD	3865
	FILL64		STD	3770
	AOI22X1		STD	3418
	AND2X2		STD	3066
	NOR2X2		STD	2472
	NAND3X1		STD	2464
	AOI2BB1XL	STD	2410
	INVX2		STD	2304
	NAND3XL		STD	2166
	XOR2XL		STD	2069
	OAI2BB2X1	STD	2065
	OR2X2		STD	2029
	OAI2BB1X1	STD	1885
	AOI22XL		STD	1826
	NAND4X1		STD	1651
	OAI2BB1XL	STD	1639
	AOI2BB2X1	STD	1526
	AND2X4		STD	1449
	AOI2BB1X1	STD	1423
	XNOR2X2		STD	1377
	BUFX3		STD	1308
	OAI21X1		STD	1307
	NOR3XL		STD	1303
	BUFX20		STD	1237
	OR2X4		STD	1231
	AOI21X2		STD	1152
	NOR2X4		STD	1135
	INVX4		STD	1092
	AOI211XL	STD	1006
	CLKINVX3	STD	1004
	XNOR2X4		STD	944
	NOR2BX2		STD	912
	AND4X2		STD	906
	AOI22X2		STD	906
	CLKINVX2	STD	877
	OR3XL		STD	871
	AOI21X4		STD	852
	NAND4XL		STD	849
	XOR2X2		STD	842
	OAI21X2		STD	822
	XNOR3X2		STD	806
	NOR3X1		STD	794
	NAND2BX2	STD	776
	MX2X1		STD	734
	DFFX1		STD	701
	AOI31X1		STD	700
	AOI211X1	STD	683
	AOI31XL		STD	675
	AND3X2		STD	670
	OAI21X4		STD	666
	AND2X1		STD	654
	AND3XL		STD	635
	XOR2X4		STD	630
	AOI211X2	STD	604
	DFFRHQXL	STD	587
	OAI2BB1X4	STD	579
	AOI2BB1X4	STD	575
	AOI2BB1X2	STD	529
	NAND3X2		STD	518
	XOR3X2		STD	514
	NAND2BX4	STD	505
	AND3X4		STD	497
	AND4XL		STD	481
	OAI31X1		STD	464
	CLKINVX4	STD	445
	CLKINVX8	STD	438
	DFFHQX4		STD	437
	OAI211X1	STD	405
	OAI22XL		STD	404
	OAI2BB1X2	STD	402
	DFFHQX1		STD	396
	OAI211X2	STD	390
	OR3X2		STD	384
	DFFHQX2		STD	377
	BUFX16		STD	375
	NOR2BX4		STD	366
	INVX8		STD	363
	CLKINVX1	STD	360
	CLKBUFX2	STD	348
	OAI211XL	STD	345
	NAND3BX1	STD	320
	AOI22X4		STD	317
	OAI22X1		STD	305
	AOI31X2		STD	299
	CLKBUFX20	STD	296
	OR3X4		STD	291
	AND4X4		STD	287
	OR2X1		STD	278
	NAND4X2		STD	272
	XNOR3X4		STD	266
	BUFX12		STD	261
	INVX3		STD	259
	CLKBUFXL	STD	244
	MXI2XL		STD	241
	NAND3X4		STD	234
	DFFX2		STD	194
	BUFX8		STD	194
	NAND4BXL	STD	193
	NAND3BXL	STD	188
	NOR3X2		STD	187
	DFFRXL		STD	186
	MX2X2		STD	183
	OAI2BB2X2	STD	183
	BUFX1		STD	183
	OAI31XL		STD	175
	OAI32XL		STD	172
	OAI2BB2XL	STD	167
	CLKINVX20	STD	162
	AOI33X1		STD	152
	OAI31X2		STD	149
	OAI2BB2X4	STD	140
	AOI32XL		STD	138
	AND4X1		STD	135
	OAI32X1		STD	127
	CLKINVXL	STD	123
	OR3X1		STD	121
	AOI221X1	STD	120
	AOI32X1		STD	120
	OAI221XL	STD	116
	OAI221X2	STD	114
	BUFX4		STD	110
	CLKBUFX4	STD	106
	AND3X1		STD	104
	OR4X2		STD	102
	AOI2BB2X4	STD	97
	XOR3X4		STD	90
	NOR3X4		STD	88
	CLKBUFX8	STD	86
	CLKBUFX3	STD	85
	AOI2BB2X2	STD	80
	CLKBUFX1	STD	79
	AOI211X4	STD	79
	NAND3BX2	STD	78
	BUFX2		STD	78
	AOI221X2	STD	74
	AOI222X1	STD	71
	AOI2BB2XL	STD	70
	OR4XL		STD	68
	NOR3BX1		STD	66
	OAI22X2		STD	65
	DFFX4		STD	64
	AOI221XL	STD	61
	AOI31X4		STD	52
	NAND3BX4	STD	49
	OAI33X1		STD	48
	OAI33XL		STD	48
	NOR3BXL		STD	47
	NOR4BX1		STD	46
	NOR4XL		STD	42
	OAI22X4		STD	40
	NOR4X1		STD	39
	NAND4X4		STD	39
	DFFRX1		STD	37
	OAI211X4	STD	34
	NOR3BX2		STD	32
	MX2X4		STD	29
	CLKBUFX16	STD	24
	OR4X4		STD	23
	OAI221X1	STD	22
	MXI2X4		STD	22
	INVX20		STD	20
	NOR4BXL		STD	19
	AOI222XL	STD	17
	BUFXL		STD	17
	AOI33XL		STD	16
	MXI2X2		STD	16
	MX2XL		STD	15
	NAND4BX2	STD	15
	NAND4BX1	STD	15
	AOI32X2		STD	14
	DLY2X1		STD	13
	TIELO		STD	12
	OAI222XL	STD	12
	AOI221X4	STD	12
	OR4X1		STD	11
	DFFRHQX1	STD	11
	CLKBUFX12	STD	11
	DLY4X1		STD	10
	OAI32X2		STD	10
	NAND4BBX1	STD	9
	INVX16		STD	9
	OAI31X4		STD	9
	CLKINVX16	STD	8
	DLY1X1		STD	8
	NOR3BX4		STD	7
	INVX12		STD	7
	NOR4BX2		STD	6
	DFFSXL		STD	5
	AOI32X4		STD	5
	TIEHI		STD	4
	DFFRX2		STD	4
	DFFRHQX4	STD	4
	NOR4BBX1	STD	3
	NOR4X2		STD	3
	OAI32X4		STD	3
	NAND4BX4	STD	3
	OAI222X2	STD	3
	OAI221X4	STD	3
	DFFSX1		STD	2
	NOR4BBXL	STD	2
	AOI33X2		STD	2
	DFFSX2		STD	1
	NAND4BBXL	STD	1
	DFFRHQX2	STD	1
	AOI222X4	STD	1
	NAND4BBX2	STD	1
	NOR4X4		STD	1
	AOI33X4		STD	1
	NOR4BBX4	STD	1
	NOR4BBX2	STD	1
	NOR4BX4		STD	1
	S018V3EBCDSP_X8Y4D128_PR	MACRO	7
	S018V3EBCDSP_X8Y4D16_PR	MACRO	4
	S018V3EBCDSP_X64Y4D32_PR	MACRO	2
	S018V3EBCDSP_X64Y4D16_PR	MACRO	1
	S018V3EBCDSP_X8Y4D72_PR	MACRO	1
	PIW		IO	36
	PO8W		IO	9
	PVDD2W		IO	4
	PVSS2W		IO	4
	PVDD1W		IO	4
	PVSS1W		IO	4
	PCORNERW	CORNER	4
	=================================

Timing/Optimization Information:

Global Routing Information:
    layer METAL1, dir Hor, min width = 0.23, min space = 0.23 pitch = 0.56
    layer METAL2, dir Ver, min width = 0.28, min space = 0.28 pitch = 0.66
    layer METAL3, dir Hor, min width = 0.28, min space = 0.28 pitch = 0.56
    layer METAL4, dir Ver, min width = 0.28, min space = 0.28 pitch = 0.66
    layer METAL5, dir Hor, min width = 0.44, min space = 0.46 pitch = 0.95
     
    Average gCell capacity  3.36	 on layer (1)	 METAL1
    Average gCell capacity  6.34	 on layer (2)	 METAL2
    Average gCell capacity  7.29	 on layer (3)	 METAL3
    Average gCell capacity  7.03	 on layer (4)	 METAL4
    Average gCell capacity  4.87	 on layer (5)	 METAL5
     
    Initial. Both Dirs: Overflow =   288 Max = 8 GRCs =   244 (0.02%)
    Initial. H routing: Overflow =   179 Max = 4 (GRCs =  1) GRCs =   175 (0.03%)
    Initial. V routing: Overflow =   109 Max = 8 (GRCs =  1) GRCs =    69 (0.01%)
     
    phase1. Both Dirs: Overflow =   288 Max = 8 GRCs =   244 (0.02%)
    phase1. H routing: Overflow =   179 Max = 4 (GRCs =  1) GRCs =   175 (0.03%)
    phase1. V routing: Overflow =   109 Max = 8 (GRCs =  1) GRCs =    69 (0.01%)
     
    phase2. Both Dirs: Overflow =   288 Max = 8 GRCs =   244 (0.02%)
    phase2. H routing: Overflow =   179 Max = 4 (GRCs =  1) GRCs =   175 (0.03%)
    phase2. V routing: Overflow =   109 Max = 8 (GRCs =  1) GRCs =    69 (0.01%)
     
    Total Wire Length = 62.07
    Layer METAL1 wire length = 0.00
    Layer METAL2 wire length = 26.80
    Layer METAL3 wire length = 35.27
    Layer METAL4 wire length = 0.00
    Layer METAL5 wire length = 0.00
    Total Number of Contacts = 27
    Via via1 count = 15
    Via via2 count = 12
    Via via3 count = 0
    Via via4 count = 0
     
    Elapsed real time: 0:00:06
    Elapsed cpu time: sys = 0:00:00 usr = 0:00:06 total = 0:00:06
    Total Proc Memory(MB): 2558

Track Assignment Information:
    Number of wires with overlap after iteration 0 = 28 of 61

    Number of wires with overlap after iteration 1 = 19 of 49

    Total METAL1 wire length: 11.8
    Total METAL2 wire length: 41.9
    Total METAL3 wire length: 39.7
    Total METAL4 wire length: 2.0
    Total METAL5 wire length: 0.0
    Total wire length: 95.4

    Elapsed real time: 0:00:02
    Elapsed cpu time: sys = 0:00:00 usr = 0:00:02 total = 0:00:02
    Total Proc Memory(MB): 2573

Detailed Routing Information:
    

    ---------- Detail route ----------

     
    Iteration 0: DRC-SUMMARY:
    	@@@@@@@ TOTAL VIOLATIONS =	4445
     
    Iteration 1: DRC-SUMMARY:
    	@@@@@@@ TOTAL VIOLATIONS =	3724
     
    Iteration 2: DRC-SUMMARY:
    	@@@@@@@ TOTAL VIOLATIONS =	3806
     
    Iteration 3: DRC-SUMMARY:
    	@@@@@@@ TOTAL VIOLATIONS =	3684
     
    Iteration 4: DRC-SUMMARY:
    	@@@@@@@ TOTAL VIOLATIONS =	3871
     
    Iteration 5: DRC-SUMMARY:
    	@@@@@@@ TOTAL VIOLATIONS =	3772
     
    Iteration 6: DRC-SUMMARY:
    	@@@@@@@ TOTAL VIOLATIONS =	3705
     
    Iteration 7: DRC-SUMMARY:
    	@@@@@@@ TOTAL VIOLATIONS =	3735
     
    Iteration 8: DRC-SUMMARY:
    	@@@@@@@ TOTAL VIOLATIONS =	3704
     
    Iteration 9: DRC-SUMMARY:
    	@@@@@@@ TOTAL VIOLATIONS =	3669
    DR finished with 2348 violations
     
    DRC-SUMMARY:
    	@@@@@@@ TOTAL VIOLATIONS =	2348
    	Diff net spacing : 456
    	Diff net var rule spacing : 1
    	Diff net via-cut spacing : 50
    	Less than minimum area : 209
    	Less than minimum width : 4
    	Same net spacing : 15
    	Short : 1613
    

    ---------- Chip finish: insert redundant vias ----------

    RedundantVia finished with 3727 violations
     
    DRC-SUMMARY:
    	@@@@@@@ TOTAL VIOLATIONS =	3727
    	Diff net spacing : 726
    	Diff net var rule spacing : 5
    	Diff net via-cut spacing : 50
    	Less than minimum area : 210
    	Less than minimum width : 8
    	Same net spacing : 52
    	Short : 2674
    	Internal-only types : 2
     
    Begin DRC fixing ...

     
    Iteration 1: DRC-SUMMARY:
    	@@@@@@@ TOTAL VIOLATIONS =	3696
     
    Elapsed real time: 0:07:00
    Elapsed cpu time: sys = 0:00:00 usr = 0:06:59 total = 0:06:59
    Total Proc Memory(MB): 2517
     
    Cumulative run time upto current stage: Elapsed = 0:07:00 CPU = 0:06:59
     
    DR finished with 0 open nets, of which 0 are frozen
    DR finished with 2281 violations
     
    DRC-SUMMARY:
    	@@@@@@@ TOTAL VIOLATIONS =	2281
    	Diff net spacing : 445
    	Diff net via-cut spacing : 53
    	Less than minimum area : 153
    	Less than minimum width : 2
    	Same net spacing : 16
    	Short : 1612
    Total number of nets = 260542
    0 open nets, of which 0 are frozen
    Total number of excluded ports = 0 ports of 0 unplaced cells connected to 0 nets
                                     0 ports without pins of 0 cells connected to 0 nets
                                     0 ports of 0 cover cells connected to 0 non-pg nets
    Total number of DRCs = 2281
    Total number of antenna violations = antenna checking not active
    Total number of voltage-area violations = no voltage-areas defined
    

     
    Elapsed real time: 0:00:00
    Elapsed cpu time: sys = 0:00:00 usr = 0:00:00 total = 0:00:00
    Total Proc Memory(MB): 2517
     
    Cumulative run time upto current stage: Elapsed = 0:07:00 CPU = 0:06:59
    

    ---------- Eco detail route ----------

     
    Iteration 0: DRC-SUMMARY:
    	@@@@@@@ TOTAL VIOLATIONS =	195
     
    Iteration 1: DRC-SUMMARY:
    	@@@@@@@ TOTAL VIOLATIONS =	69
     
    Iteration 2: DRC-SUMMARY:
    	@@@@@@@ TOTAL VIOLATIONS =	61
     
    Iteration 3: DRC-SUMMARY:
    	@@@@@@@ TOTAL VIOLATIONS =	62
     
    Iteration 4: DRC-SUMMARY:
    	@@@@@@@ TOTAL VIOLATIONS =	59
    DR finished with 30 violations
     
    DRC-SUMMARY:
    	@@@@@@@ TOTAL VIOLATIONS =	30
    	Diff net spacing : 3
    	Diff net via-cut spacing : 2
    	Short : 25
     
    Begin timing optimization in DR ...

     
    Finished timing optimization in DR ...

    DR finished with 30 violations
     
    DRC-SUMMARY:
    	@@@@@@@ TOTAL VIOLATIONS =	30
    	Diff net spacing : 3
    	Diff net via-cut spacing : 2
    	Short : 25
    

    ---------- Chip finish: insert redundant vias ----------

    RedundantVia finished with 94 violations
     
    DRC-SUMMARY:
    	@@@@@@@ TOTAL VIOLATIONS =	94
    	Diff net spacing : 9
    	Diff net via-cut spacing : 2
    	Less than minimum width : 1
    	Same net spacing : 1
    	Short : 54
    	Internal-only types : 27
     
    Begin DRC fixing ...

     
    Iteration 1: DRC-SUMMARY:
    	@@@@@@@ TOTAL VIOLATIONS =	63
     
    Elapsed real time: 0:01:21
    Elapsed cpu time: sys = 0:00:00 usr = 0:01:20 total = 0:01:21
    Total Proc Memory(MB): 2581
     
    Cumulative run time upto current stage: Elapsed = 0:08:21 CPU = 0:08:20
     
    ECO Route finished with 0 open nets, of which 0 are frozen
    ECO Route finished with 32 violations
     
    DRC-SUMMARY:
    	@@@@@@@ TOTAL VIOLATIONS =	32
    	Diff net spacing : 8
    	Diff net via-cut spacing : 2
    	Short : 22
    Total number of nets = 260585
    0 open nets, of which 0 are frozen
    Total number of excluded ports = 0 ports of 0 unplaced cells connected to 0 nets
                                     0 ports without pins of 0 cells connected to 0 nets
                                     0 ports of 0 cover cells connected to 0 non-pg nets
    Total number of DRCs = 32
    Total number of antenna violations = antenna checking not active
    Total number of voltage-area violations = no voltage-areas defined
    

     
    Elapsed real time: 0:00:00
    Elapsed cpu time: sys = 0:00:00 usr = 0:00:00 total = 0:00:00
    Total Proc Memory(MB): 2581
     
    Cumulative run time upto current stage: Elapsed = 0:08:21 CPU = 0:08:20
    

    ---------- Eco detail route ----------

     
    Iteration 0: DRC-SUMMARY:
    	@@@@@@@ TOTAL VIOLATIONS =	65
     
    Iteration 1: DRC-SUMMARY:
    	@@@@@@@ TOTAL VIOLATIONS =	59
     
    Iteration 2: DRC-SUMMARY:
    	@@@@@@@ TOTAL VIOLATIONS =	57
     
    Iteration 3: DRC-SUMMARY:
    	@@@@@@@ TOTAL VIOLATIONS =	61
     
    Iteration 4: DRC-SUMMARY:
    	@@@@@@@ TOTAL VIOLATIONS =	74
    DR finished with 35 violations
     
    DRC-SUMMARY:
    	@@@@@@@ TOTAL VIOLATIONS =	35
    	Diff net spacing : 4
    	Diff net via-cut spacing : 2
    	Short : 29
     
    Begin timing optimization in DR ...

     
    Finished timing optimization in DR ...

    DR finished with 35 violations
     
    DRC-SUMMARY:
    	@@@@@@@ TOTAL VIOLATIONS =	35
    	Diff net spacing : 4
    	Diff net via-cut spacing : 2
    	Short : 29
    

    ---------- Chip finish: insert redundant vias ----------

    RedundantVia finished with 74 violations
     
    DRC-SUMMARY:
    	@@@@@@@ TOTAL VIOLATIONS =	74
    	Diff net spacing : 7
    	Diff net via-cut spacing : 2
    	Short : 65
     
    Begin DRC fixing ...

     
    Iteration 1: DRC-SUMMARY:
    	@@@@@@@ TOTAL VIOLATIONS =	64
     
    Elapsed real time: 0:00:30
    Elapsed cpu time: sys = 0:00:00 usr = 0:00:30 total = 0:00:30
    Total Proc Memory(MB): 2573
     
    Cumulative run time upto current stage: Elapsed = 0:08:51 CPU = 0:08:50
     
    ECO Route finished with 0 open nets, of which 0 are frozen
    ECO Route finished with 31 violations
     
    DRC-SUMMARY:
    	@@@@@@@ TOTAL VIOLATIONS =	31
    	Diff net spacing : 4
    	Diff net via-cut spacing : 2
    	Short : 25
    Total number of nets = 260588
    0 open nets, of which 0 are frozen
    Total number of excluded ports = 0 ports of 0 unplaced cells connected to 0 nets
                                     0 ports without pins of 0 cells connected to 0 nets
                                     0 ports of 0 cover cells connected to 0 non-pg nets
    Total number of DRCs = 31
    Total number of antenna violations = antenna checking not active
    Total number of voltage-area violations = no voltage-areas defined
    

     
    Elapsed real time: 0:00:00
    Elapsed cpu time: sys = 0:00:00 usr = 0:00:00 total = 0:00:00
    Total Proc Memory(MB): 2573
     
    Cumulative run time upto current stage: Elapsed = 0:08:51 CPU = 0:08:50
    

    ---------- Chip finish: spread wires ----------

    SpreadWires finished with 3597 violations
     
    DRC-SUMMARY:
    	@@@@@@@ TOTAL VIOLATIONS =	3597
    	Diff net spacing : 23
    	Diff net via-cut spacing : 2
    	Less than minimum width : 6
    	Same net spacing : 3245
    	Short : 57
    	Internal-only types : 264
     
    Begin DRC fixing ...

     
    Iteration 1: DRC-SUMMARY:
    	@@@@@@@ TOTAL VIOLATIONS =	63
     
    Elapsed real time: 0:01:31
    Elapsed cpu time: sys = 0:00:00 usr = 0:01:30 total = 0:01:31
    Total Proc Memory(MB): 2432
     
    Cumulative run time upto current stage: Elapsed = 0:10:22 CPU = 0:10:21
     
    Wire spreading finished with 0 open nets, of which 0 are frozen
    Wire spreading finished with 31 violations
     
    DRC-SUMMARY:
    	@@@@@@@ TOTAL VIOLATIONS =	31
    	Diff net spacing : 5
    	Diff net via-cut spacing : 2
    	Short : 24
    Total number of nets = 260588
    0 open nets, of which 0 are frozen
    Total number of excluded ports = 0 ports of 0 unplaced cells connected to 0 nets
                                     0 ports without pins of 0 cells connected to 0 nets
                                     0 ports of 0 cover cells connected to 0 non-pg nets
    Total number of DRCs = 31
    Total number of antenna violations = antenna checking not active
    Total number of voltage-area violations = no voltage-areas defined
    

     
    Elapsed real time: 0:00:04
    Elapsed cpu time: sys = 0:00:00 usr = 0:00:04 total = 0:00:04
    Total Proc Memory(MB): 2641
     
    Cumulative run time upto current stage: Elapsed = 0:10:26 CPU = 0:10:25
    

    ---------- Chip finish: widen wires ----------

    WidenWires finished with 895 violations
     
    DRC-SUMMARY:
    	@@@@@@@ TOTAL VIOLATIONS =	895
    	Diff net spacing : 13
    	Diff net via-cut spacing : 2
    	Less than minimum width : 1
    	Same net spacing : 595
    	Short : 50
    	Internal-only types : 234
     
    Begin DRC fixing ...

     
    Iteration 1: DRC-SUMMARY:
    	@@@@@@@ TOTAL VIOLATIONS =	66
     
    Elapsed real time: 0:01:42
    Elapsed cpu time: sys = 0:00:00 usr = 0:01:42 total = 0:01:42
    Total Proc Memory(MB): 2464
     
    Cumulative run time upto current stage: Elapsed = 0:12:08 CPU = 0:12:07
     
    Wire widening finished with 0 open nets, of which 0 are frozen
    Wire widening finished with 31 violations
     
    DRC-SUMMARY:
    	@@@@@@@ TOTAL VIOLATIONS =	31
    	Diff net spacing : 3
    	Diff net via-cut spacing : 2
    	Short : 26
    Total number of nets = 260588
    0 open nets, of which 0 are frozen
    Total number of excluded ports = 0 ports of 0 unplaced cells connected to 0 nets
                                     0 ports without pins of 0 cells connected to 0 nets
                                     0 ports of 0 cover cells connected to 0 non-pg nets
    Total number of DRCs = 31
    Total number of antenna violations = antenna checking not active
    Total number of voltage-area violations = no voltage-areas defined
    

     
    Elapsed real time: 0:00:04
    Elapsed cpu time: sys = 0:00:00 usr = 0:00:04 total = 0:00:04
    Total Proc Memory(MB): 2692
     
    Cumulative run time upto current stage: Elapsed = 0:12:12 CPU = 0:12:11
    

    ---------- Chip finish: insert redundant vias ----------

    RedundantVia finished with 77 violations
     
    DRC-SUMMARY:
    	@@@@@@@ TOTAL VIOLATIONS =	77
    	Diff net spacing : 10
    	Diff net via-cut spacing : 2
    	Less than minimum width : 1
    	Same net spacing : 7
    	Short : 56
    	Internal-only types : 1
     
    Begin DRC fixing ...

     
    Iteration 1: DRC-SUMMARY:
    	@@@@@@@ TOTAL VIOLATIONS =	64
     
    Elapsed real time: 0:00:35
    Elapsed cpu time: sys = 0:00:00 usr = 0:00:34 total = 0:00:34
    Total Proc Memory(MB): 2588
     
    Cumulative run time upto current stage: Elapsed = 0:12:47 CPU = 0:12:45
     
    Redundant via insertion finished with 0 open nets, of which 0 are frozen
    Redundant via insertion finished with 31 violations
     
    DRC-SUMMARY:
    	@@@@@@@ TOTAL VIOLATIONS =	31
    	Diff net spacing : 7
    	Diff net via-cut spacing : 2
    	Short : 22
    Total number of nets = 260588
    0 open nets, of which 0 are frozen
    Total number of excluded ports = 0 ports of 0 unplaced cells connected to 0 nets
                                     0 ports without pins of 0 cells connected to 0 nets
                                     0 ports of 0 cover cells connected to 0 non-pg nets
    Total number of DRCs = 31
    Total number of antenna violations = antenna checking not active
    Total number of voltage-area violations = no voltage-areas defined
    

     
    Elapsed real time: 0:00:00
    Elapsed cpu time: sys = 0:00:00 usr = 0:00:00 total = 0:00:00
    Total Proc Memory(MB): 2588
     
    Cumulative run time upto current stage: Elapsed = 0:12:47 CPU = 0:12:45
     
    Total Wire Length =                    12402115 micron
    Total Number of Contacts =             1648931
    Total Number of Wires =                2065313
    Total Number of PtConns =              351553
    Total Number of Routed Wires =       2065313
    Total Routed Wire Length =           12318226 micron
    Total Number of Routed Contacts =       1648931
    	Layer        METAL1 :     469888 micron
    	Layer        METAL2 :    2496544 micron
    	Layer        METAL3 :    4121489 micron
    	Layer        METAL4 :    3411602 micron
    	Layer        METAL5 :    1902592 micron
    	Via            via4 :         70
    	Via       via4(rot) :          6
    	Via   via4(rot)_1x2 :      26460
    	Via        via4_2x1 :         31
    	Via        via4_1x2 :         35
    	Via   via4(rot)_2x1 :       2417
    	Via            via3 :       1557
    	Via       via3(rot) :          1
    	Via        via3_2x1 :     104492
    	Via   via3(rot)_1x2 :       1375
    	Via   via3(rot)_2x1 :        111
    	Via        via3_1x2 :       5097
    	Via            via2 :      17146
    	Via   via2(rot)_1x2 :     271250
    	Via        via2_2x1 :     233248
    	Via        via2_1x2 :     153003
    	Via   via2(rot)_2x1 :        121
    	Via            via1 :      17404
    	Via       via1(rot) :      26581
    	Via   via1(rot)_2x1 :      81828
    	Via        via1_1x2 :     278994
    	Via        via1_2x1 :     192055
    	Via   via1(rot)_1x2 :     235649
     
    Redundant via conversion report:
    --------------------------------

      Total optimized via conversion rate = 96.19% (1586166 / 1648931 vias)
     
        Layer VIA12      = 94.72% (788526 / 832511  vias)
            Weight 1     = 94.72% (788526  vias)
            Un-optimized =  5.28% (43985   vias)
        Layer VIA23      = 97.46% (657622 / 674768  vias)
            Weight 1     = 97.46% (657622  vias)
            Un-optimized =  2.54% (17146   vias)
        Layer VIA34      = 98.62% (111075 / 112633  vias)
            Weight 1     = 98.62% (111075  vias)
            Un-optimized =  1.38% (1558    vias)
        Layer VIA45      = 99.74% (28943  / 29019   vias)
            Weight 1     = 99.74% (28943   vias)
            Un-optimized =  0.26% (76      vias)
     
      Total double via conversion rate    = 96.19% (1586166 / 1648931 vias)
     
        Layer VIA12      = 94.72% (788526 / 832511  vias)
        Layer VIA23      = 97.46% (657622 / 674768  vias)
        Layer VIA34      = 98.62% (111075 / 112633  vias)
        Layer VIA45      = 99.74% (28943  / 29019   vias)
     
      The optimized via conversion rate based on total routed via count = 96.19% (1586166 / 1648931 vias)
     
        Layer VIA12      = 94.72% (788526 / 832511  vias)
            Weight 1     = 94.72% (788526  vias)
            Un-optimized =  5.28% (43985   vias)
        Layer VIA23      = 97.46% (657622 / 674768  vias)
            Weight 1     = 97.46% (657622  vias)
            Un-optimized =  2.54% (17146   vias)
        Layer VIA34      = 98.62% (111075 / 112633  vias)
            Weight 1     = 98.62% (111075  vias)
            Un-optimized =  1.38% (1558    vias)
        Layer VIA45      = 99.74% (28943  / 29019   vias)
            Weight 1     = 99.74% (28943   vias)
            Un-optimized =  0.26% (76      vias)
     

DRC information: 
      Short: 22 
      Diff net spacing: 7 
      Diff net via-cut spacing: 2 
      Total error number: 31

Ring Wiring Statistics:
    metal2 Wire Length(count):              13679.40(4)
    metal3 Wire Length(count):              13681.84(4)
  ==============================================
    Total Wire Length(count):               27361.24(8)
    Number of via2 Contacts:              8
  ==============================================
    Total Number of Contacts:        8

Stripe Wiring Statistics:
    metal4 Wire Length(count):              30889.82(18)
    metal5 Wire Length(count):              33401.10(14)
  ==============================================
    Total Wire Length(count):               64290.92(32)
    Number of via2 Contacts:             18
    Number of via3 Contacts:             38
    Number of via4 Contacts:             88
  ==============================================
    Total Number of Contacts:      144

User Wiring Statistics:

PG follow-pin Wiring Statistics:
    metal1 Wire Length(count):            2039341.95(1013)
    metal2 Wire Length(count):                 27.17(31)
    metal3 Wire Length(count):                253.78(42)
    metal4 Wire Length(count):                  3.72(1)
  ==============================================
    Total Wire Length(count):             2039626.61(1087)
    Number of via1 Contacts:           5653
    Number of via2 Contacts:           3161
    Number of via3 Contacts:           3118
  ==============================================
    Total Number of Contacts:    11932

Signal Wiring Statistics:
    metal1 Wire Length(count):             474806.93(207437)
    metal2 Wire Length(count):            2497352.27(1136050)
    metal3 Wire Length(count):            4121826.85(887721)
    metal4 Wire Length(count):            3411611.38(159777)
    metal5 Wire Length(count):            1902671.91(35741)
  ==============================================
    Total Wire Length(count):            12408269.34(2426726)

      Mask Name      Contact Code    Number Of Contacts    Percentage
        via1            via1(2)             43985	       5.28
        via1_2x1        via1(2)            427704	       51.4
        via1_1x2        via1(2)            360822	       43.3
 Default via for layer via1:                   5.28%
 Yield-optmized via for layer via1:            94.7%

        via2            via2(3)             17146	       2.54
        via2_1x2        via2(3)            153124	       22.7
        via2_2x1        via2(3)            504498	       74.8
 Default via for layer via2:                   2.54%
 Yield-optmized via for layer via2:            97.5%

        via3            via3(4)              1558	       1.38
        via3_1x2        via3(4)              5208	       4.62
        via3_2x1        via3(4)            105867	         94
 Default via for layer via3:                   1.38%
 Yield-optmized via for layer via3:            98.6%

        via4            via4(5)                76	      0.262
        via4_1x2        via4(5)              2452	       8.45
        via4_2x1        via4(5)             26491	       91.3
 Default via for layer via4:                   0.262%
 Yield-optmized via for layer via4:            99.7%


 Double Via rate for all layers:           96.2%
  ==============================================
    Total Number of Contacts:    1648931

  Horizontal/Vertical Wire Distribution:
    Layer      Hor. Wire (% of Hor.)     Ver. Wire (% of Ver.)
    metal1        456445.88 ( 6.95%)         18361.06 ( 0.31%)
    metal2         97922.18 ( 1.49%)       2399430.09 (41.11%)
    metal3       4109555.37 (62.54%)         12271.48 ( 0.21%)
    metal4          5835.60 ( 0.09%)       3405775.79 (58.35%)
    metal5       1901647.20 (28.94%)          1024.70 ( 0.02%)
  ==============================================================
    Total        6571406.22                5836863.11

LVS Run Time:
    Elapsed =    0:00:13, CPU =    0:00:13
1
