Information: linking reference library : /home/student/Desktop/Workspace/SMIC18/mw_lib/smic18_5ml. (PSYN-878)
Information: linking reference library : /home/student/Desktop/Workspace/SMIC18/mw_lib/SP018W_V1p5_5MT. (PSYN-878)
Information: linking reference library : /home/student/Desktop/Workspace/SMIC18/mw_lib/S018V3EBCDSP_X8Y4D72_PR. (PSYN-878)
Information: linking reference library : /home/student/Desktop/Workspace/SMIC18/mw_lib/S018V3EBCDSP_X8Y4D77_PR. (PSYN-878)
Information: linking reference library : /home/student/Desktop/Workspace/SMIC18/mw_lib/S018V3EBCDSP_X64Y4D16_PR. (PSYN-878)
Information: linking reference library : /home/student/Desktop/Workspace/SMIC18/mw_lib/S018V3EBCDSP_X64Y4D32_PR. (PSYN-878)
Information: linking reference library : /home/student/Desktop/Workspace/SMIC18/mw_lib/S018V3EBCDSP_X8Y4D128_PR. (PSYN-878)
Information: linking reference library : /home/student/Desktop/Workspace/SMIC18/mw_lib/S018V3EBCDSP_X8Y4D16_PR. (PSYN-878)
Information: linking reference library : /home/student/Desktop/Workspace/SMIC18/mw_lib/S018V3EBCDSP_X8Y4D32_PR. (PSYN-878)
Warning: Could not find a valid driver for the hierarchical Ground net 'VSS'. (MWDC-285)
Warning: Could not find a valid driver for the hierarchical Power net 'VDD'. (MWDC-285)
Information: Loading local_link_library attribute {slow.db, S018V3EBCDSP_X8Y4D72_PR.db, S018V3EBCDSP_X8Y4D77_PR.db, S018V3EBCDSP_X64Y4D16_PR.db, S018V3EBCDSP_X64Y4D32_PR.db, S018V3EBCDSP_X8Y4D128_PR.db, S018V3EBCDSP_X8Y4D16_PR.db, S018V3EBCDSP_X8Y4D32_PR.db}. (MWDC-290)

  Linking design 'CNN_chip'
  Using the following designs and libraries:
  --------------------------------------------------------------------------
  * (24 designs)              CNN_chip.CEL, etc
  slow (library)              /home/student/Desktop/Workspace/SMIC18/db/slow.db
  S018V3EBCDSP_X8Y4D72_PR (library)
                              /home/student/Desktop/Workspace/SMIC18/db/S018V3EBCDSP_X8Y4D72_PR.db
  S018V3EBCDSP_X8Y4D77_PR (library)
                              /home/student/Desktop/Workspace/SMIC18/db/S018V3EBCDSP_X8Y4D77_PR.db
  S018V3EBCDSP_X64Y4D16_PR (library)
                              /home/student/Desktop/Workspace/SMIC18/db/S018V3EBCDSP_X64Y4D16_PR.db
  S018V3EBCDSP_X64Y4D32_PR (library)
                              /home/student/Desktop/Workspace/SMIC18/db/S018V3EBCDSP_X64Y4D32_PR.db
  S018V3EBCDSP_X8Y4D128_PR (library)
                              /home/student/Desktop/Workspace/SMIC18/db/S018V3EBCDSP_X8Y4D128_PR.db
  S018V3EBCDSP_X8Y4D16_PR (library)
                              /home/student/Desktop/Workspace/SMIC18/db/S018V3EBCDSP_X8Y4D16_PR.db
  S018V3EBCDSP_X8Y4D32_PR (library)
                              /home/student/Desktop/Workspace/SMIC18/db/S018V3EBCDSP_X8Y4D32_PR.db
  SP018W_V1p5_max (library)   /home/student/Desktop/Workspace/SMIC18/db/SP018W_V1p5_max.db

Information: The design has horizontal rows, and Y-symmetry has been used for sites. (MWDC-217)
Floorplan loading succeeded.
# GUI Debug: Building dc for netlist invalid. -- Time: 14sec 618ms
Warning: Cell 'PIW_clk' is being marked as "dont_touch" because it has 
	a fixed_placement attribute. (PSYN-040)
Warning: Cell 'PIW_rst_b' is being marked as "dont_touch" because it has 
	a fixed_placement attribute. (PSYN-040)
Warning: Cell 'PIW_en' is being marked as "dont_touch" because it has 
	a fixed_placement attribute. (PSYN-040)
Warning: Cell 'PIW_start' is being marked as "dont_touch" because it has 
	a fixed_placement attribute. (PSYN-040)
Warning: Cell 'gen_piw_feature[0].PIW_feature' is being marked as "dont_touch" because it has 
	a fixed_placement attribute. (PSYN-040)
Warning: Cell 'gen_piw_feature[1].PIW_feature' is being marked as "dont_touch" because it has 
	a fixed_placement attribute. (PSYN-040)
Warning: Cell 'gen_piw_feature[2].PIW_feature' is being marked as "dont_touch" because it has 
	a fixed_placement attribute. (PSYN-040)
Warning: Cell 'gen_piw_feature[3].PIW_feature' is being marked as "dont_touch" because it has 
	a fixed_placement attribute. (PSYN-040)
Warning: Cell 'gen_piw_feature[4].PIW_feature' is being marked as "dont_touch" because it has 
	a fixed_placement attribute. (PSYN-040)
Warning: Cell 'gen_piw_feature[5].PIW_feature' is being marked as "dont_touch" because it has 
	a fixed_placement attribute. (PSYN-040)
Warning: Cell 'gen_piw_feature[6].PIW_feature' is being marked as "dont_touch" because it has 
	a fixed_placement attribute. (PSYN-040)
Warning: Cell 'gen_piw_feature[7].PIW_feature' is being marked as "dont_touch" because it has 
	a fixed_placement attribute. (PSYN-040)
Warning: Cell 'gen_piw_feature[8].PIW_feature' is being marked as "dont_touch" because it has 
	a fixed_placement attribute. (PSYN-040)
Warning: Cell 'gen_piw_feature[9].PIW_feature' is being marked as "dont_touch" because it has 
	a fixed_placement attribute. (PSYN-040)
Warning: Cell 'gen_piw_feature[10].PIW_feature' is being marked as "dont_touch" because it has 
	a fixed_placement attribute. (PSYN-040)
Warning: Cell 'gen_piw_feature[11].PIW_feature' is being marked as "dont_touch" because it has 
	a fixed_placement attribute. (PSYN-040)
Warning: Cell 'gen_piw_feature[12].PIW_feature' is being marked as "dont_touch" because it has 
	a fixed_placement attribute. (PSYN-040)
Warning: Cell 'gen_piw_feature[13].PIW_feature' is being marked as "dont_touch" because it has 
	a fixed_placement attribute. (PSYN-040)
Warning: Cell 'gen_piw_feature[14].PIW_feature' is being marked as "dont_touch" because it has 
	a fixed_placement attribute. (PSYN-040)
Warning: Cell 'gen_piw_feature[15].PIW_feature' is being marked as "dont_touch" because it has 
	a fixed_placement attribute. (PSYN-040)
Warning: Cell 'gen_piw_feature[16].PIW_feature' is being marked as "dont_touch" because it has 
	a fixed_placement attribute. (PSYN-040)
Warning: Cell 'gen_piw_feature[17].PIW_feature' is being marked as "dont_touch" because it has 
	a fixed_placement attribute. (PSYN-040)
Warning: Cell 'gen_piw_feature[18].PIW_feature' is being marked as "dont_touch" because it has 
	a fixed_placement attribute. (PSYN-040)
Warning: Cell 'gen_piw_feature[19].PIW_feature' is being marked as "dont_touch" because it has 
	a fixed_placement attribute. (PSYN-040)
Warning: Cell 'gen_piw_feature[20].PIW_feature' is being marked as "dont_touch" because it has 
	a fixed_placement attribute. (PSYN-040)
Warning: Cell 'gen_piw_feature[21].PIW_feature' is being marked as "dont_touch" because it has 
	a fixed_placement attribute. (PSYN-040)
Warning: Cell 'gen_piw_feature[22].PIW_feature' is being marked as "dont_touch" because it has 
	a fixed_placement attribute. (PSYN-040)
Warning: Cell 'gen_piw_feature[23].PIW_feature' is being marked as "dont_touch" because it has 
	a fixed_placement attribute. (PSYN-040)
Warning: Cell 'gen_piw_feature[24].PIW_feature' is being marked as "dont_touch" because it has 
	a fixed_placement attribute. (PSYN-040)
Warning: Cell 'gen_piw_feature[25].PIW_feature' is being marked as "dont_touch" because it has 
	a fixed_placement attribute. (PSYN-040)
Warning: Cell 'gen_piw_feature[26].PIW_feature' is being marked as "dont_touch" because it has 
	a fixed_placement attribute. (PSYN-040)
Warning: Cell 'gen_piw_feature[27].PIW_feature' is being marked as "dont_touch" because it has 
	a fixed_placement attribute. (PSYN-040)
Warning: Cell 'gen_piw_feature[28].PIW_feature' is being marked as "dont_touch" because it has 
	a fixed_placement attribute. (PSYN-040)
Warning: Cell 'gen_piw_feature[29].PIW_feature' is being marked as "dont_touch" because it has 
	a fixed_placement attribute. (PSYN-040)
Warning: Cell 'gen_piw_feature[30].PIW_feature' is being marked as "dont_touch" because it has 
	a fixed_placement attribute. (PSYN-040)
Warning: Cell 'gen_piw_feature[31].PIW_feature' is being marked as "dont_touch" because it has 
	a fixed_placement attribute. (PSYN-040)
Warning: Cell 'PO8W_done' is being marked as "dont_touch" because it has 
	a fixed_placement attribute. (PSYN-040)
Warning: Cell 'gen_po8w_result[0].PO8W_result' is being marked as "dont_touch" because it has 
	a fixed_placement attribute. (PSYN-040)
Warning: Cell 'gen_po8w_result[1].PO8W_result' is being marked as "dont_touch" because it has 
	a fixed_placement attribute. (PSYN-040)
Warning: Cell 'gen_po8w_result[2].PO8W_result' is being marked as "dont_touch" because it has 
	a fixed_placement attribute. (PSYN-040)
Warning: Cell 'gen_po8w_result[3].PO8W_result' is being marked as "dont_touch" because it has 
	a fixed_placement attribute. (PSYN-040)
Warning: Cell 'gen_po8w_result[4].PO8W_result' is being marked as "dont_touch" because it has 
	a fixed_placement attribute. (PSYN-040)
Warning: Cell 'gen_po8w_result[5].PO8W_result' is being marked as "dont_touch" because it has 
	a fixed_placement attribute. (PSYN-040)
Warning: Cell 'gen_po8w_result[6].PO8W_result' is being marked as "dont_touch" because it has 
	a fixed_placement attribute. (PSYN-040)
Warning: Cell 'gen_po8w_result[7].PO8W_result' is being marked as "dont_touch" because it has 
	a fixed_placement attribute. (PSYN-040)
Information: Updating graph... (UID-83)

************************************************************
SI options:
Delta Delay Computation:           true
Static Noise Computation:          false
Timing window analysis for SI:     false
Min Delta Delay for SI:            true
Analysis Effort:                   medium
Max Transition Mode:               normal_slew
Static Noise Thresholds:           0.35 (0.57V) above low
                                   0.35 (0.57V) below high
Route xtalk prevention:            true
Route xtalk prevention threshold:  0.25
************************************************************

 
****************************************
Report : area
Design : CNN_chip
Version: O-2018.06-SP1
Date   : Sun May  3 17:44:27 2026
****************************************

Information: Updating design information... (UID-85)

************************************************************
SI options:
Delta Delay Computation:           true
Static Noise Computation:          false
Timing window analysis for SI:     false
Min Delta Delay for SI:            true
Analysis Effort:                   medium
Max Transition Mode:               normal_slew
Static Noise Thresholds:           0.35 (0.57V) above low
                                   0.35 (0.57V) below high
Route xtalk prevention:            true
Route xtalk prevention threshold:  0.25
************************************************************

Information: Input delay ('rise') on clock port 'clk' will be added to the clock's propagated skew. (TIM-112)
Information: Input delay ('fall') on clock port 'clk' will be added to the clock's propagated skew. (TIM-112)
Information: Input delay ('rise') on clock port 'clk' will be added to the clock's propagated skew. (TIM-112)
Information: Input delay ('fall') on clock port 'clk' will be added to the clock's propagated skew. (TIM-112)
Library(s) Used:

    SP018W_V1p5_max (File: /home/student/Desktop/Workspace/SMIC18/db/SP018W_V1p5_max.db)
    slow (File: /home/student/Desktop/Workspace/SMIC18/db/slow.db)
    S018V3EBCDSP_X8Y4D16_PR (File: /home/student/Desktop/Workspace/SMIC18/db/S018V3EBCDSP_X8Y4D16_PR.db)
    S018V3EBCDSP_X8Y4D128_PR (File: /home/student/Desktop/Workspace/SMIC18/db/S018V3EBCDSP_X8Y4D128_PR.db)
    S018V3EBCDSP_X8Y4D72_PR (File: /home/student/Desktop/Workspace/SMIC18/db/S018V3EBCDSP_X8Y4D72_PR.db)
    S018V3EBCDSP_X64Y4D32_PR (File: /home/student/Desktop/Workspace/SMIC18/db/S018V3EBCDSP_X64Y4D32_PR.db)
    S018V3EBCDSP_X64Y4D16_PR (File: /home/student/Desktop/Workspace/SMIC18/db/S018V3EBCDSP_X64Y4D16_PR.db)

Number of ports:                           45
Number of nets:                           120
Number of cells:                           74
Number of combinational cells:             73
Number of sequential cells:                 0
Number of macros/black boxes:              15
Number of buf/inv:                         28
Number of references:                      13

Combinational area:            4681226.427552
Buf/Inv area:                  1115621.645348
Noncombinational area:          976977.001907
Macro/Black Box area:          1342617.781250
Net Interconnect area:      undefined  (No wire load specified)

Total cell area:               7000821.210709
Total area:                 undefined
1
