Warning: The following library cells don't have power description:FILL1  FILL2  FILL4  FILL8  FILL16  FILL32  PCORNERW  FILL64   (PWR-682)
Information: Propagating switching activity (high effort zero delay simulation). (PWR-6)
Warning: Design has unannotated primary inputs. (PWR-414)
Warning: Design has unannotated sequential cell outputs. (PWR-415)
Warning: Design has unannotated black box outputs. (PWR-428)
Warning: The following physical-only library cells don't have power description that matches design's operation condition:PVDD2W  PVSS1W  PVDD1W  PVSS2W   (PWR-681)
 
****************************************
Report : power
        -analysis_effort high
Design : CNN_chip
Version: O-2018.06-SP1
Date   : Sun May  3 17:46:31 2026
****************************************


Library(s) Used:

    SP018W_V1p5_max (File: /home/student/Desktop/Workspace/SMIC18/db/SP018W_V1p5_max.db)
    slow (File: /home/student/Desktop/Workspace/SMIC18/db/slow.db)
    S018V3EBCDSP_X8Y4D16_PR (File: /home/student/Desktop/Workspace/SMIC18/db/S018V3EBCDSP_X8Y4D16_PR.db)
    S018V3EBCDSP_X8Y4D128_PR (File: /home/student/Desktop/Workspace/SMIC18/db/S018V3EBCDSP_X8Y4D128_PR.db)
    S018V3EBCDSP_X8Y4D72_PR (File: /home/student/Desktop/Workspace/SMIC18/db/S018V3EBCDSP_X8Y4D72_PR.db)
    S018V3EBCDSP_X64Y4D32_PR (File: /home/student/Desktop/Workspace/SMIC18/db/S018V3EBCDSP_X64Y4D32_PR.db)
    S018V3EBCDSP_X64Y4D16_PR (File: /home/student/Desktop/Workspace/SMIC18/db/S018V3EBCDSP_X64Y4D16_PR.db)


Operating Conditions: slow   Library: slow
Wire Load Model Mode: top


Global Operating Voltage = 1.62 
Power-specific unit information :
    Voltage Units = 1V
    Capacitance Units = 1.000000pf
    Time Units = 1ns
    Dynamic Power Units = 1mW    (derived from V,C,T units)
    Leakage Power Units = 1pW


  Cell Internal Power  = 438.3053 mW   (73%)
  Net Switching Power  = 164.9427 mW   (27%)
                         ---------
Total Dynamic Power    = 603.2479 mW  (100%)

Cell Leakage Power     = 392.3776 uW


                 Internal         Switching           Leakage            Total
Power Group      Power            Power               Power              Power   (   %    )  Attrs
--------------------------------------------------------------------------------------------------
io_pad             1.1640            0.2660        4.0045e+05            1.4305  (   0.24%)
memory           191.5362            4.1057        1.5073e+08          195.7926  (  32.44%)
black_box          0.0000            0.0000            0.0000            0.0000  (   0.00%)
clock_network      2.4757           36.3591        7.0797e+05           38.8355  (   6.43%)
register         142.0628            8.9120        2.8111e+07          151.0036  (  25.02%)
sequential         0.0000            0.0000            0.0000            0.0000  (   0.00%)
combinational    101.0660          115.2982        2.1243e+08          216.5729  (  35.88%)
--------------------------------------------------------------------------------------------------
Total            438.3047 mW       164.9411 mW     3.9238e+08 pW       603.6351 mW
1
