

*******************************************************************************
* Report  : Area                                                              *
* Command : analyze_area > ../reports/area_report_clk_with_driving.rpt        *
* Design  : CNN_Top                                                           *
* Version : main_1229_2e0365ed.rel                                            *
* Date    : 9:37 PM, 12-Apr-26                                                *
*******************************************************************************
*******************************************************************************
* Legend :                                                                    *
* (M): subdesign                                                              *
* (B): black_box                                                              *
* (C): combinational cell                                                     *
* (S): sequential cell                                                        *
*******************************************************************************


=================================================================
Design: CNN_Top

Instance type                           Instances     Instance(%)
-----------------------------------------------------------------
Combinational library cell instances:       72125           93.12
    - Buffer instances:                       (65)         ( 0.08)
    - Inverter instances:                   (3691)         ( 4.77)
    - Other instances:                     (68369)         (88.27)
Sequential library cell instances:           5320            6.87
RAM/ROM instances:                              9            0.01
-----------------------------------------------------------------
Total instances:                            77454          100.00

Total number of black_box instances:            1

Instance type                       Instance Area         Area(%)
-----------------------------------------------------------------
Combinational library cell area:       1275404.23           56.09
    - Buffer cell area:                  (3459.46)         ( 0.15)
    - Inverter cell area:               (24555.49)         ( 1.08)
    - Other cell area:                (1247389.29)         (54.86)
Sequential library cell area:           297629.65           13.09
RAM/ROM cell area:                  700775.42           30.82
-----------------------------------------------------------------
Total library cell area:               2273809.30          100.00

Wire load model:                                 
Net area:                                    0.00

Total area:                            2273809.30
=================================================================

=================================================================
 Library                                Instances     Instance(%)
-----------------------------------------------------------------
 slow                                       77434           99.97
 S018V3EBCDSP_X8Y4D32_PR_tt_1.8_25                    3            0.00
 S018V3EBCDSP_X8Y4D72_PR_tt_1.8_25                    1            0.00
 SP018W_V1p8_max                               11            0.01
 S018V3EBCDSP_X8Y4D128_PR_tt_1.8_25                    2            0.00
 S018V3EBCDSP_X64Y4D32_PR_tt_1.8_25                    3            0.00
=================================================================

===============================================================================
 Gate                   Type  Counts         Area        Area Sum  Library
-------------------------------------------------------------------------------
 AND2X1                  (C)      61        13.31          811.64  slow
 AND2X2                  (C)     893        13.31        11881.90  slow
 AND2X4                  (C)       1        16.63           16.63  slow
 AND2XL                  (C)    1158        13.31        15407.88  slow
 AND3X1                  (C)      11        16.63          182.95  slow
 AND3X2                  (C)     348        16.63         5787.94  slow
 AND3XL                  (C)     315        16.63         5239.08  slow
 AND4X1                  (C)       6        19.96          119.75  slow
 AND4X2                  (C)     368        19.96         7344.69  slow
 AND4XL                  (C)     286        19.96         5708.10  slow
 AOI211X1                (C)     386        16.63         6419.95  slow
 AOI211XL                (C)     395        16.63         6569.64  slow
 AOI21X1                 (C)    3816        13.31        50774.17  slow
 AOI21XL                 (C)    2089        13.31        27795.40  slow
 AOI221X1                (C)      36        23.28          838.25  slow
 AOI221XL                (C)     130        23.28         3027.02  slow
 AOI222X1                (C)       8        26.61          212.89  slow
 AOI222XL                (C)      21        26.61          558.84  slow
 AOI22X1                 (C)    1777        16.63        29555.06  slow
 AOI22XL                 (C)     843        16.63        14020.78  slow
 AOI2BB1X1               (C)     773        16.63        12856.54  slow
 AOI2BB1XL               (C)     653        16.63        10860.70  slow
 AOI2BB2X1               (C)    1003        23.28        23354.65  slow
 AOI2BB2XL               (C)      80        23.28         1862.78  slow
 AOI31X1                 (C)     371        16.63         6170.47  slow
 AOI31XL                 (C)     456        16.63         7584.19  slow
 AOI32X1                 (C)      61        23.28         1420.37  slow
 AOI32XL                 (C)      82        23.28         1909.35  slow
 AOI33X1                 (C)       2        26.61           53.22  slow
 AOI33XL                 (C)      11        26.61          292.72  slow
 BUFX20                  (C)      65        53.22         3459.46  slow
 DFFHQX1                 (S)       1        53.22           53.22  slow
 DFFHQXL                 (S)    2910        53.22       154877.19  slow
 DFFRHQX1                (S)       1        69.85           69.85  slow
 DFFRHQXL                (S)     317        69.85        22143.85  slow
 DFFRX1                  (S)      32        76.51         2448.23  slow
 DFFRXL                  (S)      80        76.51         6120.58  slow
 DFFSX1                  (S)       1        63.20           63.20  slow
 DFFX1                   (S)       8        56.55          452.39  slow
 DFFXL                   (S)    1970        56.55       111401.14  slow
 INVX1                   (C)    2561         6.65        17037.82  slow
 INVXL                   (C)    1130         6.65         7517.66  slow
 MX2X1                   (C)     918        26.61        24429.08  slow
 MX2XL                   (C)      18        26.61          479.00  slow
 MXI2X1                  (C)    1845        23.28        42960.46  slow
 MXI2XL                  (C)     146        23.28         3399.58  slow
 NAND2BX1                (C)    2492        13.31        33157.56  slow
 NAND2BXL                (C)    1371        13.31        18241.98  slow
 NAND2X1                 (C)    6755         9.98        67409.50  slow
 NAND2XL                 (C)    4413         9.98        44038.21  slow
 NAND3BX1                (C)     264        16.63         4390.85  slow
 NAND3BXL                (C)     217        16.63         3609.14  slow
 NAND3X1                 (C)     809        13.31        10764.23  slow
 NAND3XL                 (C)     505        13.31         6719.33  slow
 NAND4BBX1               (C)       1        26.61           26.61  slow
 NAND4BBXL               (C)       4        26.61          106.44  slow
 NAND4BXL                (C)      51        19.96         1017.88  slow
 NAND4X1                 (C)     922        16.63        15334.70  slow
 NAND4XL                 (C)     327        16.63         5438.66  slow
 NOR2BX1                 (C)    1951        13.31        25959.23  slow
 NOR2BX2                 (C)       6        19.96          119.75  slow
 NOR2BXL                 (C)    1063        13.31        14143.85  slow
 NOR2X1                  (C)    3278         9.98        32711.82  slow
 NOR2X2                  (C)      32        16.63          532.22  slow
 NOR2XL                  (C)    3407         9.98        33999.14  slow
 NOR3BX1                 (C)      57        19.96         1137.63  slow
 NOR3BXL                 (C)      55        19.96         1097.71  slow
 NOR3X1                  (C)     553        13.31         7358.00  slow
 NOR3X2                  (C)       1        23.28           23.28  slow
 NOR3XL                  (C)     377        13.31         5016.21  slow
 NOR4BBXL                (C)       5        26.61          133.06  slow
 NOR4BX1                 (C)      53        19.96         1057.80  slow
 NOR4BX2                 (C)       1        33.26           33.26  slow
 NOR4BXL                 (C)      33        19.96          658.63  slow
 NOR4X1                  (C)      11        19.96          219.54  slow
 NOR4XL                  (C)      25        19.96          498.96  slow
 OAI211X1                (C)     190        19.96         3792.10  slow
 OAI211XL                (C)     357        19.96         7125.15  slow
 OAI21XL                 (C)    5338        13.31        71025.29  slow
 OAI221XL                (C)     208        23.28         4843.24  slow
 OAI222XL                (C)      13        26.61          345.95  slow
 OAI22X1                 (C)     117        19.96         2335.13  slow
 OAI22XL                 (C)     166        19.96         3313.09  slow
 OAI2BB1X1               (C)     806        16.63        13405.39  slow
 OAI2BB1XL               (C)     707        16.63        11758.82  slow
 OAI2BB2X1               (C)    1256        23.28        29245.71  slow
 OAI2BB2XL               (C)      96        23.28         2235.34  slow
 OAI31X1                 (C)      92        19.96         1836.17  slow
 OAI31XL                 (C)     244        19.96         4869.85  slow
 OAI32X1                 (C)      65        23.28         1513.51  slow
 OAI32XL                 (C)      57        23.28         1327.23  slow
 OAI33X1                 (C)       3        26.61           79.83  slow
 OAI33XL                 (C)      20        26.61          532.22  slow
 OR2X1                   (C)      52        13.31          691.89  slow
 OR2X2                   (C)     715        13.31         9513.50  slow
 OR2XL                   (C)    1068        13.31        14210.38  slow
 OR3XL                   (C)     602        16.63        10012.46  slow
 OR4X1                   (C)       4        19.96           79.83  slow
 OR4X2                   (C)      28        19.96          558.84  slow
 OR4XL                   (C)      68        19.96         1357.17  slow
 PVDD1CANPW              (C)       3     15960.00        47880.00  SP018W_V1p8_max
 PVSS1CANPW              (C)       8     15960.00       127680.00  SP018W_V1p8_max
 S018V3EBCDSP_X64Y4D32_PR (S)
                                   3     72625.70       217877.11  S018V3EBCDSP_X64Y4D32_PR_tt_1.8_25
 S018V3EBCDSP_X8Y4D128_PR (S)
                                   2    138939.41       277878.81  S018V3EBCDSP_X8Y4D128_PR_tt_1.8_25
 S018V3EBCDSP_X8Y4D32_PR (S)       3     41059.00       123177.00  S018V3EBCDSP_X8Y4D32_PR_tt_1.8_25
 S018V3EBCDSP_X8Y4D72_PR (S)       1     81842.50        81842.50  S018V3EBCDSP_X8Y4D72_PR_tt_1.8_25
 XNOR2X1                 (C)    2027        26.61        53940.90  slow
 XNOR2XL                 (C)    2460        26.61        65463.55  slow
 XNOR3X2                 (C)     111        59.88         6646.15  slow
 XOR2X1                  (C)    1506        26.61        40076.47  slow
 XOR2XL                  (C)    1489        26.61        39624.08  slow
 XOR3X2                  (C)      87        59.88         5209.14  slow
 Conv                    (B)       1         0.00            0.00
===============================================================================


=================================================================
Design: CNN_Top
Total number of library cell instances:                     77454
Number of library cell instances under current level:          67
Number of subdesign instances under current level:              3
Number of black_box instances under current level:              1

Combinational library cell area under current level:       748.44
Sequential library cell area under current level:         1124.32
Buffer cell area under current level:                        0.00
Inverter cell area under current level:                     19.96
Subdesign instance area:                               2271916.58
Wire load model:                                                 
Net area:                                                    0.00

Total area:                                            2273809.30

-------------------------------------------------------------------------------
 Gate                   Type  Counts         Area        Area Sum  Library
-------------------------------------------------------------------------------
 AND2XL                  (C)       1        13.31           13.31  slow
 AND4XL                  (C)       1        19.96           19.96  slow
 AOI211XL                (C)       3        16.63           49.90  slow
 AOI21XL                 (C)       3        13.31           39.92  slow
 AOI22XL                 (C)       1        16.63           16.63  slow
 AOI2BB1XL               (C)       5        16.63           83.16  slow
 AOI31XL                 (C)       4        16.63           66.53  slow
 DFFRHQXL                (S)      15        69.85         1047.82  slow
 DFFRXL                  (S)       1        76.51           76.51  slow
 DWconv                  (M)       1    658694.40       658694.40  __moduleLib__
 INVX1                   (C)       2         6.65           13.31  slow
 INVXL                   (C)       1         6.65            6.65  slow
 NAND2BXL                (C)       1        13.31           13.31  slow
 NAND2XL                 (C)       6         9.98           59.88  slow
 NAND3BXL                (C)       1        16.63           16.63  slow
 NAND4XL                 (C)       1        16.63           16.63  slow
 NOR2BXL                 (C)       2        13.31           26.61  slow
 NOR2XL                  (C)       2         9.98           19.96  slow
 NOR3X1                  (C)       1        13.31           13.31  slow
 NOR3XL                  (C)       4        13.31           53.22  slow
 NOR4BBXL                (C)       1        26.61           26.61  slow
 OAI211XL                (C)       1        19.96           19.96  slow
 OAI21XL                 (C)       3        13.31           39.92  slow
 OAI2BB1XL               (C)       2        16.63           33.26  slow
 OR2XL                   (C)       1        13.31           13.31  slow
 PWconv                  (M)       1   1273428.08      1273428.08  __moduleLib__
 PostProcess             (M)       1    339794.11       339794.11  __moduleLib__
 XNOR2XL                 (C)       3        26.61           79.83  slow
 XOR2XL                  (C)       1        26.61           26.61  slow
 Conv                    (B)       1         0.00            0.00
===============================================================================


=================================================================
Design: PostProcess
Total number of library cell instances:                      2415
Number of library cell instances under current level:        2415
Number of subdesign instances under current level:              0

Combinational library cell area under current level:     64834.73
Sequential library cell area under current level:        11732.21
Buffer cell area under current level:                     3459.46
Inverter cell area under current level:                    831.60
RAM/ROM cell area under current level:                  258936.11
Subdesign instance area:                                     0.00
Wire load model:                                                 
Net area:                                                    0.00

Total area:                                             339794.11

-------------------------------------------------------------------------------
 Gate                   Type  Counts         Area        Area Sum  Library
-------------------------------------------------------------------------------
 AND2X1                  (C)       2        13.31           26.61  slow
 AND2X4                  (C)       1        16.63           16.63  slow
 AND2XL                  (C)      59        13.31          785.03  slow
 AND3XL                  (C)      15        16.63          249.48  slow
 AND4XL                  (C)      24        19.96          479.00  slow
 AOI211X1                (C)       5        16.63           83.16  slow
 AOI211XL                (C)      48        16.63          798.34  slow
 AOI21X1                 (C)      21        13.31          279.42  slow
 AOI21XL                 (C)     163        13.31         2168.81  slow
 AOI221X1                (C)       2        23.28           46.57  slow
 AOI221XL                (C)      13        23.28          302.70  slow
 AOI222XL                (C)       9        26.61          239.50  slow
 AOI22X1                 (C)       6        16.63           99.79  slow
 AOI22XL                 (C)      56        16.63          931.39  slow
 AOI2BB1X1               (C)       4        16.63           66.53  slow
 AOI2BB1XL               (C)      56        16.63          931.39  slow
 AOI2BB2X1               (C)       5        23.28          116.42  slow
 AOI2BB2XL               (C)       4        23.28           93.14  slow
 AOI31X1                 (C)       4        16.63           66.53  slow
 AOI31XL                 (C)      47        16.63          781.70  slow
 AOI32XL                 (C)      14        23.28          325.99  slow
 AOI33XL                 (C)       1        26.61           26.61  slow
 BUFX20                  (C)      65        53.22         3459.46  slow
 DFFHQX1                 (S)       1        53.22           53.22  slow
 DFFRHQX1                (S)       1        69.85           69.85  slow
 DFFRHQXL                (S)      72        69.85         5029.52  slow
 DFFRX1                  (S)      32        76.51         2448.23  slow
 DFFRXL                  (S)      54        76.51         4131.39  slow
 INVX1                   (C)      62         6.65          412.47  slow
 INVXL                   (C)      63         6.65          419.13  slow
 MX2X1                   (C)      17        26.61          452.39  slow
 MXI2X1                  (C)       3        23.28           69.85  slow
 MXI2XL                  (C)      59        23.28         1373.80  slow
 NAND2BX1                (C)       4        13.31           53.22  slow
 NAND2BXL                (C)      62        13.31          824.95  slow
 NAND2X1                 (C)      13         9.98          129.73  slow
 NAND2XL                 (C)     247         9.98         2464.86  slow
 NAND3BX1                (C)       3        16.63           49.90  slow
 NAND3BXL                (C)      18        16.63          299.38  slow
 NAND3X1                 (C)       1        13.31           13.31  slow
 NAND3XL                 (C)      51        13.31          678.59  slow
 NAND4BBXL               (C)       1        26.61           26.61  slow
 NAND4BXL                (C)       6        19.96          119.75  slow
 NAND4XL                 (C)      30        16.63          498.96  slow
 NOR2BX1                 (C)       2        13.31           26.61  slow
 NOR2BXL                 (C)      46        13.31          612.06  slow
 NOR2X1                  (C)       6         9.98           59.88  slow
 NOR2XL                  (C)     231         9.98         2305.20  slow
 NOR3BX1                 (C)       1        19.96           19.96  slow
 NOR3BXL                 (C)       3        19.96           59.88  slow
 NOR3X1                  (C)       6        13.31           79.83  slow
 NOR3XL                  (C)      48        13.31          638.67  slow
 NOR4BXL                 (C)       9        19.96          179.63  slow
 NOR4XL                  (C)       4        19.96           79.83  slow
 OAI211X1                (C)       1        19.96           19.96  slow
 OAI211XL                (C)      38        19.96          758.42  slow
 OAI21XL                 (C)     179        13.31         2381.70  slow
 OAI221XL                (C)      12        23.28          279.42  slow
 OAI222XL                (C)       4        26.61          106.44  slow
 OAI22X1                 (C)       1        19.96           19.96  slow
 OAI22XL                 (C)      15        19.96          299.38  slow
 OAI2BB1X1               (C)       7        16.63          116.42  slow
 OAI2BB1XL               (C)      56        16.63          931.39  slow
 OAI2BB2X1               (C)       3        23.28           69.85  slow
 OAI2BB2XL               (C)      12        23.28          279.42  slow
 OAI31X1                 (C)       1        19.96           19.96  slow
 OAI31XL                 (C)      21        19.96          419.13  slow
 OAI32X1                 (C)       2        23.28           46.57  slow
 OAI32XL                 (C)      12        23.28          279.42  slow
 OAI33X1                 (C)       3        26.61           79.83  slow
 OAI33XL                 (C)       3        26.61           79.83  slow
 OR2X1                   (C)       2        13.31           26.61  slow
 OR2XL                   (C)      41        13.31          545.53  slow
 OR3XL                   (C)      23        16.63          382.54  slow
 OR4X1                   (C)       2        19.96           39.92  slow
 OR4XL                   (C)       7        19.96          139.71  slow
 PVDD1CANPW              (C)       1     15960.00        15960.00  SP018W_V1p8_max
 PVSS1CANPW              (C)       1     15960.00        15960.00  SP018W_V1p8_max
 S018V3EBCDSP_X64Y4D32_PR (S)
                                   3     72625.70       217877.11  S018V3EBCDSP_X64Y4D32_PR_tt_1.8_25
 S018V3EBCDSP_X8Y4D32_PR (S)       1     41059.00        41059.00  S018V3EBCDSP_X8Y4D32_PR_tt_1.8_25
 XNOR2X1                 (C)       4        26.61          106.44  slow
 XNOR2XL                 (C)      94        26.61         2501.45  slow
 XNOR3X2                 (C)      15        59.88          898.13  slow
 XOR2X1                  (C)       5        26.61          133.06  slow
 XOR2XL                  (C)      61        26.61         1623.28  slow
 XOR3X2                  (C)       5        59.88          299.38  slow
===============================================================================


=================================================================
Design: PWconv
Total number of library cell instances:                     53426
Number of library cell instances under current level:          80
Number of subdesign instances under current level:              1

Combinational library cell area under current level:     48611.81
Sequential library cell area under current level:         1746.36
Buffer cell area under current level:                        0.00
Inverter cell area under current level:                     26.61
RAM/ROM cell area under current level:                  318937.81
Subdesign instance area:                                904105.48
Wire load model:                                                 
Net area:                                                    0.00

Total area:                                            1273428.08

-------------------------------------------------------------------------------
 Gate                   Type  Counts         Area        Area Sum  Library
-------------------------------------------------------------------------------
 AND2XL                  (C)       1        13.31           13.31  slow
 AND3XL                  (C)       2        16.63           33.26  slow
 AND4XL                  (C)       2        19.96           39.92  slow
 AOI21XL                 (C)       7        13.31           93.14  slow
 AOI2BB1XL               (C)       4        16.63           66.53  slow
 AOI31X1                 (C)       1        16.63           16.63  slow
 AOI31XL                 (C)       1        16.63           16.63  slow
 DFFRHQXL                (S)      25        69.85         1746.36  slow
 INVX1                   (C)       4         6.65           26.61  slow
 NAND2XL                 (C)       3         9.98           29.94  slow
 NAND3BXL                (C)       1        16.63           16.63  slow
 NAND3XL                 (C)       1        13.31           13.31  slow
 NOR2BXL                 (C)       1        13.31           13.31  slow
 NOR2XL                  (C)       6         9.98           59.88  slow
 NOR3XL                  (C)       2        13.31           26.61  slow
 NOR4BXL                 (C)       2        19.96           39.92  slow
 OAI21XL                 (C)       3        13.31           39.92  slow
 PVDD1CANPW              (C)       1     15960.00        15960.00  SP018W_V1p8_max
 PVSS1CANPW              (C)       2     15960.00        31920.00  SP018W_V1p8_max
 PWconv_MultAdd          (M)       1    904105.48       904105.48  __moduleLib__
 S018V3EBCDSP_X8Y4D128_PR (S)
                                   2    138939.41       277878.81  S018V3EBCDSP_X8Y4D128_PR_tt_1.8_25
 S018V3EBCDSP_X8Y4D32_PR (S)       1     41059.00        41059.00  S018V3EBCDSP_X8Y4D32_PR_tt_1.8_25
 XNOR2XL                 (C)       2        26.61           53.22  slow
 XOR2XL                  (C)       6        26.61          159.67  slow
===============================================================================


=================================================================
Design: PWconv_MultAdd
Total number of library cell instances:                     53346
Number of library cell instances under current level:        1154
Number of subdesign instances under current level:              4

Combinational library cell area under current level:     31547.51
Sequential library cell area under current level:         7324.73
Buffer cell area under current level:                        0.00
Inverter cell area under current level:                    425.78
Subdesign instance area:                                864807.46
Wire load model:                                                 
Net area:                                                    0.00

Total area:                                             904105.48

-------------------------------------------------------------------------------
 Gate                   Type  Counts         Area        Area Sum  Library
-------------------------------------------------------------------------------
 AND2X1                  (C)       1        13.31           13.31  slow
 AND2XL                  (C)      21        13.31          279.42  slow
 AND3XL                  (C)      16        16.63          266.11  slow
 AND4XL                  (C)       1        19.96           19.96  slow
 AOI211X1                (C)       5        16.63           83.16  slow
 AOI211XL                (C)      10        16.63          166.32  slow
 AOI21X1                 (C)      24        13.31          319.33  slow
 AOI21XL                 (C)     109        13.31         1450.31  slow
 AOI221XL                (C)       4        23.28           93.14  slow
 AOI222X1                (C)       1        26.61           26.61  slow
 AOI222XL                (C)       2        26.61           53.22  slow
 AOI22X1                 (C)       2        16.63           33.26  slow
 AOI22XL                 (C)      12        16.63          199.58  slow
 AOI2BB1X1               (C)       5        16.63           83.16  slow
 AOI2BB1XL               (C)      44        16.63          731.81  slow
 AOI2BB2XL               (C)       1        23.28           23.28  slow
 AOI31X1                 (C)       1        16.63           16.63  slow
 AOI31XL                 (C)      15        16.63          249.48  slow
 AOI32XL                 (C)       2        23.28           46.57  slow
 AOI33X1                 (C)       1        26.61           26.61  slow
 AOI33XL                 (C)       2        26.61           53.22  slow
 DFFRHQXL                (S)      95        69.85         6636.17  slow
 DFFRXL                  (S)       9        76.51          688.56  slow
 INVX1                   (C)      31         6.65          206.24  slow
 INVXL                   (C)      33         6.65          219.54  slow
 MX2X1                   (C)       1        26.61           26.61  slow
 MXI2X1                  (C)       2        23.28           46.57  slow
 MXI2XL                  (C)      16        23.28          372.56  slow
 NAND2BX1                (C)       6        13.31           79.83  slow
 NAND2BXL                (C)      20        13.31          266.11  slow
 NAND2X1                 (C)       1         9.98            9.98  slow
 NAND2XL                 (C)      84         9.98          838.25  slow
 NAND3BX1                (C)       2        16.63           33.26  slow
 NAND3BXL                (C)       6        16.63           99.79  slow
 NAND3X1                 (C)       5        13.31           66.53  slow
 NAND3XL                 (C)      14        13.31          186.28  slow
 NAND4BXL                (C)       1        19.96           19.96  slow
 NAND4X1                 (C)       1        16.63           16.63  slow
 NAND4XL                 (C)       1        16.63           16.63  slow
 NOR2BX1                 (C)       4        13.31           53.22  slow
 NOR2BXL                 (C)      31        13.31          412.47  slow
 NOR2X1                  (C)       7         9.98           69.85  slow
 NOR2XL                  (C)     102         9.98         1017.88  slow
 NOR3BX1                 (C)       2        19.96           39.92  slow
 NOR3BXL                 (C)       2        19.96           39.92  slow
 NOR3X1                  (C)       3        13.31           39.92  slow
 NOR3XL                  (C)      35        13.31          465.70  slow
 NOR4BX1                 (C)       1        19.96           19.96  slow
 NOR4X1                  (C)       1        19.96           19.96  slow
 NOR4XL                  (C)       8        19.96          159.67  slow
 OAI211X1                (C)       2        19.96           39.92  slow
 OAI211XL                (C)       4        19.96           79.83  slow
 OAI21XL                 (C)     130        13.31         1729.73  slow
 OAI221XL                (C)       5        23.28          116.42  slow
 OAI22X1                 (C)       2        19.96           39.92  slow
 OAI22XL                 (C)       7        19.96          139.71  slow
 OAI2BB1X1               (C)       7        16.63          116.42  slow
 OAI2BB1XL               (C)      59        16.63          981.29  slow
 OAI2BB2XL               (C)       6        23.28          139.71  slow
 OAI31XL                 (C)       6        19.96          119.75  slow
 OAI32X1                 (C)       2        23.28           46.57  slow
 OAI32XL                 (C)       1        23.28           23.28  slow
 OR2X1                   (C)       1        13.31           13.31  slow
 OR2XL                   (C)      30        13.31          399.17  slow
 OR3XL                   (C)      11        16.63          182.95  slow
 OR4XL                   (C)       2        19.96           39.92  slow
 PVSS1CANPW              (C)       1     15960.00        15960.00  SP018W_V1p8_max
 PWconv_MultAdd_cell_1   (M)       1    216212.68       216212.68  __moduleLib__
 PWconv_MultAdd_cell_2   (M)       1    216209.35       216209.35  __moduleLib__
 PWconv_MultAdd_cell_3   (M)       1    216179.41       216179.41  __moduleLib__
 PWconv_MultAdd_cell_4   (M)       1    216206.02       216206.02  __moduleLib__
 XNOR2X1                 (C)       2        26.61           53.22  slow
 XNOR2XL                 (C)      33        26.61          878.17  slow
 XNOR3X2                 (C)      16        59.88          958.00  slow
 XOR2X1                  (C)       3        26.61           79.83  slow
 XOR2XL                  (C)      15        26.61          399.17  slow
 XOR3X2                  (C)       6        59.88          359.25  slow
===============================================================================


=================================================================
Design: PWconv_MultAdd_cell_4
Total number of library cell instances:                     13047
Number of library cell instances under current level:       13047
Number of subdesign instances under current level:              0

Combinational library cell area under current level:    179492.55
Sequential library cell area under current level:        32362.55
Buffer cell area under current level:                        0.00
Inverter cell area under current level:                   4350.93
Subdesign instance area:                                     0.00
Wire load model:                                                 
Net area:                                                    0.00

Total area:                                             216206.02

-------------------------------------------------------------------------------
 Gate                   Type  Counts         Area        Area Sum  Library
-------------------------------------------------------------------------------
 AND2X1                  (C)      12        13.31          159.67  slow
 AND2X2                  (C)     223        13.31         2967.15  slow
 AND2XL                  (C)     147        13.31         1955.92  slow
 AND3X1                  (C)       1        16.63           16.63  slow
 AND3X2                  (C)      87        16.63         1446.98  slow
 AND3XL                  (C)      24        16.63          399.17  slow
 AND4X1                  (C)       1        19.96           19.96  slow
 AND4X2                  (C)      92        19.96         1836.17  slow
 AND4XL                  (C)      16        19.96          319.33  slow
 AOI211X1                (C)      87        16.63         1446.98  slow
 AOI211XL                (C)      48        16.63          798.34  slow
 AOI21X1                 (C)     905        13.31        12041.57  slow
 AOI21XL                 (C)     171        13.31         2275.26  slow
 AOI221X1                (C)       7        23.28          162.99  slow
 AOI221XL                (C)      23        23.28          535.55  slow
 AOI222X1                (C)       2        26.61           53.22  slow
 AOI222XL                (C)       1        26.61           26.61  slow
 AOI22X1                 (C)     436        16.63         7251.55  slow
 AOI22XL                 (C)      55        16.63          914.76  slow
 AOI2BB1X1               (C)     186        16.63         3093.55  slow
 AOI2BB1XL               (C)      59        16.63          981.29  slow
 AOI2BB2X1               (C)     243        23.28         5658.21  slow
 AOI2BB2XL               (C)      10        23.28          232.85  slow
 AOI31X1                 (C)      84        16.63         1397.09  slow
 AOI31XL                 (C)      61        16.63         1014.55  slow
 AOI32X1                 (C)      14        23.28          325.99  slow
 AOI32XL                 (C)      10        23.28          232.85  slow
 AOI33XL                 (C)       2        26.61           53.22  slow
 DFFHQXL                 (S)     573        53.22        30496.44  slow
 DFFXL                   (S)      33        56.55         1866.11  slow
 INVX1                   (C)     509         6.65         3386.28  slow
 INVXL                   (C)     145         6.65          964.66  slow
 MX2X1                   (C)       1        26.61           26.61  slow
 MX2XL                   (C)       3        26.61           79.83  slow
 MXI2X1                  (C)      12        23.28          279.42  slow
 MXI2XL                  (C)       8        23.28          186.28  slow
 NAND2BX1                (C)     608        13.31         8089.80  slow
 NAND2BXL                (C)      85        13.31         1130.98  slow
 NAND2X1                 (C)    1661         9.98        16575.45  slow
 NAND2XL                 (C)     376         9.98         3752.18  slow
 NAND3BX1                (C)      61        16.63         1014.55  slow
 NAND3BXL                (C)      25        16.63          415.80  slow
 NAND3X1                 (C)     196        13.31         2607.90  slow
 NAND3XL                 (C)      37        13.31          492.31  slow
 NAND4BBXL               (C)       1        26.61           26.61  slow
 NAND4BXL                (C)       8        19.96          159.67  slow
 NAND4X1                 (C)     227        16.63         3775.46  slow
 NAND4XL                 (C)      10        16.63          166.32  slow
 NOR2BX1                 (C)     478        13.31         6360.08  slow
 NOR2BXL                 (C)      74        13.31          984.61  slow
 NOR2X1                  (C)     794         9.98         7923.49  slow
 NOR2XL                  (C)     420         9.98         4191.26  slow
 NOR3BX1                 (C)      12        19.96          239.50  slow
 NOR3BXL                 (C)       7        19.96          139.71  slow
 NOR3X1                  (C)     134        13.31         1782.95  slow
 NOR3XL                  (C)      33        13.31          439.08  slow
 NOR4BBXL                (C)       1        26.61           26.61  slow
 NOR4BX1                 (C)      11        19.96          219.54  slow
 NOR4BXL                 (C)       4        19.96           79.83  slow
 NOR4X1                  (C)       2        19.96           39.92  slow
 NOR4XL                  (C)       1        19.96           19.96  slow
 OAI211X1                (C)      45        19.96          898.13  slow
 OAI211XL                (C)      52        19.96         1037.84  slow
 OAI21XL                 (C)     938        13.31        12480.65  slow
 OAI221XL                (C)      38        23.28          884.82  slow
 OAI222XL                (C)       1        26.61           26.61  slow
 OAI22X1                 (C)      27        19.96          538.88  slow
 OAI22XL                 (C)      19        19.96          379.21  slow
 OAI2BB1X1               (C)     192        16.63         3193.34  slow
 OAI2BB1XL               (C)      64        16.63         1064.45  slow
 OAI2BB2X1               (C)     306        23.28         7125.15  slow
 OAI2BB2XL               (C)      10        23.28          232.85  slow
 OAI31X1                 (C)      22        19.96          439.08  slow
 OAI31XL                 (C)      40        19.96          798.34  slow
 OAI32X1                 (C)      15        23.28          349.27  slow
 OAI32XL                 (C)       7        23.28          162.99  slow
 OAI33XL                 (C)       1        26.61           26.61  slow
 OR2X1                   (C)       8        13.31          106.44  slow
 OR2X2                   (C)     178        13.31         2368.40  slow
 OR2XL                   (C)     142        13.31         1889.40  slow
 OR3XL                   (C)     101        16.63         1679.83  slow
 OR4X2                   (C)       6        19.96          119.75  slow
 OR4XL                   (C)       9        19.96          179.63  slow
 XNOR2X1                 (C)     493        26.61        13119.32  slow
 XNOR2XL                 (C)     270        26.61         7185.02  slow
 XNOR3X2                 (C)      13        59.88          778.38  slow
 XOR2X1                  (C)     340        26.61         9047.81  slow
 XOR2XL                  (C)     139        26.61         3698.96  slow
 XOR3X2                  (C)      14        59.88          838.25  slow
===============================================================================


=================================================================
Design: PWconv_MultAdd_cell_3
Total number of library cell instances:                     13047
Number of library cell instances under current level:       13047
Number of subdesign instances under current level:              0

Combinational library cell area under current level:    179472.59
Sequential library cell area under current level:        32362.55
Buffer cell area under current level:                        0.00
Inverter cell area under current level:                   4344.28
Subdesign instance area:                                     0.00
Wire load model:                                                 
Net area:                                                    0.00

Total area:                                             216179.41

-------------------------------------------------------------------------------
 Gate                   Type  Counts         Area        Area Sum  Library
-------------------------------------------------------------------------------
 AND2X1                  (C)      12        13.31          159.67  slow
 AND2X2                  (C)     223        13.31         2967.15  slow
 AND2XL                  (C)     148        13.31         1969.23  slow
 AND3X1                  (C)       1        16.63           16.63  slow
 AND3X2                  (C)      87        16.63         1446.98  slow
 AND3XL                  (C)      24        16.63          399.17  slow
 AND4X1                  (C)       1        19.96           19.96  slow
 AND4X2                  (C)      92        19.96         1836.17  slow
 AND4XL                  (C)      16        19.96          319.33  slow
 AOI211X1                (C)      87        16.63         1446.98  slow
 AOI211XL                (C)      48        16.63          798.34  slow
 AOI21X1                 (C)     904        13.31        12028.26  slow
 AOI21XL                 (C)     170        13.31         2261.95  slow
 AOI221X1                (C)       7        23.28          162.99  slow
 AOI221XL                (C)      22        23.28          512.27  slow
 AOI222X1                (C)       1        26.61           26.61  slow
 AOI222XL                (C)       2        26.61           53.22  slow
 AOI22X1                 (C)     437        16.63         7268.18  slow
 AOI22XL                 (C)      56        16.63          931.39  slow
 AOI2BB1X1               (C)     185        16.63         3076.92  slow
 AOI2BB1XL               (C)      59        16.63          981.29  slow
 AOI2BB2X1               (C)     244        23.28         5681.49  slow
 AOI2BB2XL               (C)      10        23.28          232.85  slow
 AOI31X1                 (C)      84        16.63         1397.09  slow
 AOI31XL                 (C)      61        16.63         1014.55  slow
 AOI32X1                 (C)      14        23.28          325.99  slow
 AOI32XL                 (C)      10        23.28          232.85  slow
 AOI33XL                 (C)       2        26.61           53.22  slow
 DFFHQXL                 (S)     573        53.22        30496.44  slow
 DFFXL                   (S)      33        56.55         1866.11  slow
 INVX1                   (C)     507         6.65         3372.97  slow
 INVXL                   (C)     146         6.65          971.31  slow
 MX2X1                   (C)       1        26.61           26.61  slow
 MX2XL                   (C)       3        26.61           79.83  slow
 MXI2X1                  (C)      11        23.28          256.13  slow
 MXI2XL                  (C)       9        23.28          209.56  slow
 NAND2BX1                (C)     608        13.31         8089.80  slow
 NAND2BXL                (C)      85        13.31         1130.98  slow
 NAND2X1                 (C)    1661         9.98        16575.45  slow
 NAND2XL                 (C)     377         9.98         3762.16  slow
 NAND3BX1                (C)      61        16.63         1014.55  slow
 NAND3BXL                (C)      25        16.63          415.80  slow
 NAND3X1                 (C)     196        13.31         2607.90  slow
 NAND3XL                 (C)      37        13.31          492.31  slow
 NAND4BXL                (C)       8        19.96          159.67  slow
 NAND4X1                 (C)     227        16.63         3775.46  slow
 NAND4XL                 (C)      10        16.63          166.32  slow
 NOR2BX1                 (C)     476        13.31         6333.47  slow
 NOR2BXL                 (C)      73        13.31          971.31  slow
 NOR2X1                  (C)     795         9.98         7933.46  slow
 NOR2XL                  (C)     420         9.98         4191.26  slow
 NOR3BX1                 (C)      13        19.96          259.46  slow
 NOR3BXL                 (C)       7        19.96          139.71  slow
 NOR3X1                  (C)     133        13.31         1769.64  slow
 NOR3XL                  (C)      34        13.31          452.39  slow
 NOR4BBXL                (C)       1        26.61           26.61  slow
 NOR4BX1                 (C)      11        19.96          219.54  slow
 NOR4BXL                 (C)       4        19.96           79.83  slow
 NOR4X1                  (C)       2        19.96           39.92  slow
 NOR4XL                  (C)       1        19.96           19.96  slow
 OAI211X1                (C)      45        19.96          898.13  slow
 OAI211XL                (C)      52        19.96         1037.84  slow
 OAI21XL                 (C)     939        13.31        12493.96  slow
 OAI221XL                (C)      38        23.28          884.82  slow
 OAI222XL                (C)       1        26.61           26.61  slow
 OAI22X1                 (C)      27        19.96          538.88  slow
 OAI22XL                 (C)      19        19.96          379.21  slow
 OAI2BB1X1               (C)     193        16.63         3209.98  slow
 OAI2BB1XL               (C)      64        16.63         1064.45  slow
 OAI2BB2X1               (C)     307        23.28         7148.43  slow
 OAI2BB2XL               (C)      10        23.28          232.85  slow
 OAI31X1                 (C)      22        19.96          439.08  slow
 OAI31XL                 (C)      40        19.96          798.34  slow
 OAI32X1                 (C)      14        23.28          325.99  slow
 OAI32XL                 (C)       7        23.28          162.99  slow
 OAI33XL                 (C)       2        26.61           53.22  slow
 OR2X1                   (C)       9        13.31          119.75  slow
 OR2X2                   (C)     179        13.31         2381.70  slow
 OR2XL                   (C)     142        13.31         1889.40  slow
 OR3XL                   (C)     101        16.63         1679.83  slow
 OR4X2                   (C)       6        19.96          119.75  slow
 OR4XL                   (C)       9        19.96          179.63  slow
 XNOR2X1                 (C)     491        26.61        13066.10  slow
 XNOR2XL                 (C)     271        26.61         7211.64  slow
 XNOR3X2                 (C)      13        59.88          778.38  slow
 XOR2X1                  (C)     338        26.61         8994.59  slow
 XOR2XL                  (C)     139        26.61         3698.96  slow
 XOR3X2                  (C)      14        59.88          838.25  slow
===============================================================================


=================================================================
Design: PWconv_MultAdd_cell_2
Total number of library cell instances:                     13049
Number of library cell instances under current level:       13049
Number of subdesign instances under current level:              0

Combinational library cell area under current level:    179489.22
Sequential library cell area under current level:        32362.55
Buffer cell area under current level:                        0.00
Inverter cell area under current level:                   4357.58
Subdesign instance area:                                     0.00
Wire load model:                                                 
Net area:                                                    0.00

Total area:                                             216209.35

-------------------------------------------------------------------------------
 Gate                   Type  Counts         Area        Area Sum  Library
-------------------------------------------------------------------------------
 AND2X1                  (C)      12        13.31          159.67  slow
 AND2X2                  (C)     223        13.31         2967.15  slow
 AND2XL                  (C)     148        13.31         1969.23  slow
 AND3X1                  (C)       1        16.63           16.63  slow
 AND3X2                  (C)      87        16.63         1446.98  slow
 AND3XL                  (C)      24        16.63          399.17  slow
 AND4X1                  (C)       1        19.96           19.96  slow
 AND4X2                  (C)      92        19.96         1836.17  slow
 AND4XL                  (C)      16        19.96          319.33  slow
 AOI211X1                (C)      87        16.63         1446.98  slow
 AOI211XL                (C)      48        16.63          798.34  slow
 AOI21X1                 (C)     904        13.31        12028.26  slow
 AOI21XL                 (C)     170        13.31         2261.95  slow
 AOI221X1                (C)       7        23.28          162.99  slow
 AOI221XL                (C)      22        23.28          512.27  slow
 AOI222X1                (C)       1        26.61           26.61  slow
 AOI222XL                (C)       2        26.61           53.22  slow
 AOI22X1                 (C)     437        16.63         7268.18  slow
 AOI22XL                 (C)      56        16.63          931.39  slow
 AOI2BB1X1               (C)     185        16.63         3076.92  slow
 AOI2BB1XL               (C)      59        16.63          981.29  slow
 AOI2BB2X1               (C)     242        23.28         5634.92  slow
 AOI2BB2XL               (C)      10        23.28          232.85  slow
 AOI31X1                 (C)      84        16.63         1397.09  slow
 AOI31XL                 (C)      61        16.63         1014.55  slow
 AOI32X1                 (C)      14        23.28          325.99  slow
 AOI32XL                 (C)      10        23.28          232.85  slow
 AOI33XL                 (C)       2        26.61           53.22  slow
 DFFHQXL                 (S)     573        53.22        30496.44  slow
 DFFXL                   (S)      33        56.55         1866.11  slow
 INVX1                   (C)     509         6.65         3386.28  slow
 INVXL                   (C)     146         6.65          971.31  slow
 MX2X1                   (C)       1        26.61           26.61  slow
 MX2XL                   (C)       3        26.61           79.83  slow
 MXI2X1                  (C)      11        23.28          256.13  slow
 MXI2XL                  (C)       9        23.28          209.56  slow
 NAND2BX1                (C)     608        13.31         8089.80  slow
 NAND2BXL                (C)      85        13.31         1130.98  slow
 NAND2X1                 (C)    1661         9.98        16575.45  slow
 NAND2XL                 (C)     377         9.98         3762.16  slow
 NAND3BX1                (C)      61        16.63         1014.55  slow
 NAND3BXL                (C)      25        16.63          415.80  slow
 NAND3X1                 (C)     196        13.31         2607.90  slow
 NAND3XL                 (C)      37        13.31          492.31  slow
 NAND4BXL                (C)       8        19.96          159.67  slow
 NAND4X1                 (C)     227        16.63         3775.46  slow
 NAND4XL                 (C)      10        16.63          166.32  slow
 NOR2BX1                 (C)     478        13.31         6360.08  slow
 NOR2BXL                 (C)      73        13.31          971.31  slow
 NOR2X1                  (C)     794         9.98         7923.49  slow
 NOR2XL                  (C)     420         9.98         4191.26  slow
 NOR3BX1                 (C)      13        19.96          259.46  slow
 NOR3BXL                 (C)       7        19.96          139.71  slow
 NOR3X1                  (C)     133        13.31         1769.64  slow
 NOR3XL                  (C)      34        13.31          452.39  slow
 NOR4BBXL                (C)       1        26.61           26.61  slow
 NOR4BX1                 (C)      11        19.96          219.54  slow
 NOR4BXL                 (C)       4        19.96           79.83  slow
 NOR4X1                  (C)       2        19.96           39.92  slow
 NOR4XL                  (C)       1        19.96           19.96  slow
 OAI211X1                (C)      45        19.96          898.13  slow
 OAI211XL                (C)      52        19.96         1037.84  slow
 OAI21XL                 (C)     939        13.31        12493.96  slow
 OAI221XL                (C)      38        23.28          884.82  slow
 OAI222XL                (C)       1        26.61           26.61  slow
 OAI22X1                 (C)      27        19.96          538.88  slow
 OAI22XL                 (C)      19        19.96          379.21  slow
 OAI2BB1X1               (C)     193        16.63         3209.98  slow
 OAI2BB1XL               (C)      64        16.63         1064.45  slow
 OAI2BB2X1               (C)     305        23.28         7101.86  slow
 OAI2BB2XL               (C)      10        23.28          232.85  slow
 OAI31X1                 (C)      22        19.96          439.08  slow
 OAI31XL                 (C)      40        19.96          798.34  slow
 OAI32X1                 (C)      14        23.28          325.99  slow
 OAI32XL                 (C)       7        23.28          162.99  slow
 OAI33XL                 (C)       2        26.61           53.22  slow
 OR2X1                   (C)       8        13.31          106.44  slow
 OR2X2                   (C)     179        13.31         2381.70  slow
 OR2XL                   (C)     142        13.31         1889.40  slow
 OR3XL                   (C)     101        16.63         1679.83  slow
 OR4X2                   (C)       6        19.96          119.75  slow
 OR4XL                   (C)       9        19.96          179.63  slow
 XNOR2X1                 (C)     493        26.61        13119.32  slow
 XNOR2XL                 (C)     271        26.61         7211.64  slow
 XNOR3X2                 (C)      13        59.88          778.38  slow
 XOR2X1                  (C)     340        26.61         9047.81  slow
 XOR2XL                  (C)     139        26.61         3698.96  slow
 XOR3X2                  (C)      14        59.88          838.25  slow
===============================================================================


=================================================================
Design: PWconv_MultAdd_cell_1
Total number of library cell instances:                     13049
Number of library cell instances under current level:       13049
Number of subdesign instances under current level:              0

Combinational library cell area under current level:    179479.24
Sequential library cell area under current level:        32362.55
Buffer cell area under current level:                        0.00
Inverter cell area under current level:                   4370.89
Subdesign instance area:                                     0.00
Wire load model:                                                 
Net area:                                                    0.00

Total area:                                             216212.68

-------------------------------------------------------------------------------
 Gate                   Type  Counts         Area        Area Sum  Library
-------------------------------------------------------------------------------
 AND2X1                  (C)      12        13.31          159.67  slow
 AND2X2                  (C)     223        13.31         2967.15  slow
 AND2XL                  (C)     148        13.31         1969.23  slow
 AND3X1                  (C)       1        16.63           16.63  slow
 AND3X2                  (C)      87        16.63         1446.98  slow
 AND3XL                  (C)      24        16.63          399.17  slow
 AND4X1                  (C)       1        19.96           19.96  slow
 AND4X2                  (C)      92        19.96         1836.17  slow
 AND4XL                  (C)      16        19.96          319.33  slow
 AOI211X1                (C)      87        16.63         1446.98  slow
 AOI211XL                (C)      48        16.63          798.34  slow
 AOI21X1                 (C)     904        13.31        12028.26  slow
 AOI21XL                 (C)     170        13.31         2261.95  slow
 AOI221X1                (C)       7        23.28          162.99  slow
 AOI221XL                (C)      22        23.28          512.27  slow
 AOI222X1                (C)       1        26.61           26.61  slow
 AOI222XL                (C)       2        26.61           53.22  slow
 AOI22X1                 (C)     437        16.63         7268.18  slow
 AOI22XL                 (C)      56        16.63          931.39  slow
 AOI2BB1X1               (C)     185        16.63         3076.92  slow
 AOI2BB1XL               (C)      59        16.63          981.29  slow
 AOI2BB2X1               (C)     238        23.28         5541.78  slow
 AOI2BB2XL               (C)      10        23.28          232.85  slow
 AOI31X1                 (C)      84        16.63         1397.09  slow
 AOI31XL                 (C)      61        16.63         1014.55  slow
 AOI32X1                 (C)      14        23.28          325.99  slow
 AOI32XL                 (C)      10        23.28          232.85  slow
 AOI33XL                 (C)       2        26.61           53.22  slow
 DFFHQXL                 (S)     573        53.22        30496.44  slow
 DFFXL                   (S)      33        56.55         1866.11  slow
 INVX1                   (C)     511         6.65         3399.58  slow
 INVXL                   (C)     146         6.65          971.31  slow
 MX2X1                   (C)       1        26.61           26.61  slow
 MX2XL                   (C)       3        26.61           79.83  slow
 MXI2X1                  (C)      11        23.28          256.13  slow
 MXI2XL                  (C)       9        23.28          209.56  slow
 NAND2BX1                (C)     606        13.31         8063.19  slow
 NAND2BXL                (C)      85        13.31         1130.98  slow
 NAND2X1                 (C)    1660         9.98        16565.47  slow
 NAND2XL                 (C)     377         9.98         3762.16  slow
 NAND3BX1                (C)      61        16.63         1014.55  slow
 NAND3BXL                (C)      25        16.63          415.80  slow
 NAND3X1                 (C)     196        13.31         2607.90  slow
 NAND3XL                 (C)      37        13.31          492.31  slow
 NAND4BXL                (C)       8        19.96          159.67  slow
 NAND4X1                 (C)     227        16.63         3775.46  slow
 NAND4XL                 (C)      10        16.63          166.32  slow
 NOR2BX1                 (C)     476        13.31         6333.47  slow
 NOR2BXL                 (C)      73        13.31          971.31  slow
 NOR2X1                  (C)     794         9.98         7923.49  slow
 NOR2XL                  (C)     420         9.98         4191.26  slow
 NOR3BX1                 (C)      13        19.96          259.46  slow
 NOR3BXL                 (C)       7        19.96          139.71  slow
 NOR3X1                  (C)     133        13.31         1769.64  slow
 NOR3XL                  (C)      34        13.31          452.39  slow
 NOR4BBXL                (C)       1        26.61           26.61  slow
 NOR4BX1                 (C)      11        19.96          219.54  slow
 NOR4BXL                 (C)       4        19.96           79.83  slow
 NOR4X1                  (C)       2        19.96           39.92  slow
 NOR4XL                  (C)       1        19.96           19.96  slow
 OAI211X1                (C)      45        19.96          898.13  slow
 OAI211XL                (C)      52        19.96         1037.84  slow
 OAI21XL                 (C)     941        13.31        12520.57  slow
 OAI221XL                (C)      38        23.28          884.82  slow
 OAI222XL                (C)       1        26.61           26.61  slow
 OAI22X1                 (C)      27        19.96          538.88  slow
 OAI22XL                 (C)      19        19.96          379.21  slow
 OAI2BB1X1               (C)     193        16.63         3209.98  slow
 OAI2BB1XL               (C)      64        16.63         1064.45  slow
 OAI2BB2X1               (C)     305        23.28         7101.86  slow
 OAI2BB2XL               (C)      10        23.28          232.85  slow
 OAI31X1                 (C)      22        19.96          439.08  slow
 OAI31XL                 (C)      40        19.96          798.34  slow
 OAI32X1                 (C)      14        23.28          325.99  slow
 OAI32XL                 (C)       7        23.28          162.99  slow
 OAI33XL                 (C)       2        26.61           53.22  slow
 OR2X1                   (C)       9        13.31          119.75  slow
 OR2X2                   (C)     179        13.31         2381.70  slow
 OR2XL                   (C)     142        13.31         1889.40  slow
 OR3XL                   (C)     101        16.63         1679.83  slow
 OR4X2                   (C)       6        19.96          119.75  slow
 OR4XL                   (C)       9        19.96          179.63  slow
 XNOR2X1                 (C)     493        26.61        13119.32  slow
 XNOR2XL                 (C)     271        26.61         7211.64  slow
 XNOR3X2                 (C)      13        59.88          778.38  slow
 XOR2X1                  (C)     344        26.61         9154.25  slow
 XOR2XL                  (C)     139        26.61         3698.96  slow
 XOR3X2                  (C)      14        59.88          838.25  slow
===============================================================================


=================================================================
Design: DWconv
Total number of library cell instances:                     21546
Number of library cell instances under current level:          25
Number of subdesign instances under current level:              2

Combinational library cell area under current level:     48052.97
Sequential library cell area under current level:          628.69
Buffer cell area under current level:                        0.00
Inverter cell area under current level:                      6.65
RAM/ROM cell area under current level:                  122901.50
Subdesign instance area:                                487104.58
Wire load model:                                                 
Net area:                                                    0.00

Total area:                                             658694.40

-------------------------------------------------------------------------------
 Gate                   Type  Counts         Area        Area Sum  Library
-------------------------------------------------------------------------------
 AND2XL                  (C)       1        13.31           13.31  slow
 AND3XL                  (C)       2        16.63           33.26  slow
 AOI21XL                 (C)       2        13.31           26.61  slow
 Buffer_4x32x8           (M)       1    185503.28       185503.28  __moduleLib__
 DFFRHQXL                (S)       9        69.85          628.69  slow
 DWconv_MultAdd          (M)       1    301601.30       301601.30  __moduleLib__
 INVXL                   (C)       1         6.65            6.65  slow
 NOR2XL                  (C)       2         9.98           19.96  slow
 PVDD1CANPW              (C)       1     15960.00        15960.00  SP018W_V1p8_max
 PVSS1CANPW              (C)       2     15960.00        31920.00  SP018W_V1p8_max
 S018V3EBCDSP_X8Y4D32_PR (S)       1     41059.00        41059.00  S018V3EBCDSP_X8Y4D32_PR_tt_1.8_25
 S018V3EBCDSP_X8Y4D72_PR (S)       1     81842.50        81842.50  S018V3EBCDSP_X8Y4D72_PR_tt_1.8_25
 XOR2XL                  (C)       3        26.61           79.83  slow
===============================================================================


=================================================================
Design: Buffer_4x32x8
Total number of library cell instances:                      4658
Number of library cell instances under current level:        4658
Number of subdesign instances under current level:              0

Combinational library cell area under current level:     83329.58
Sequential library cell area under current level:       101747.93
Buffer cell area under current level:                        0.00
Inverter cell area under current level:                    425.78
Subdesign instance area:                                     0.00
Wire load model:                                                 
Net area:                                                    0.00

Total area:                                             185503.28

-------------------------------------------------------------------------------
 Gate                   Type  Counts         Area        Area Sum  Library
-------------------------------------------------------------------------------
 AND2X1                  (C)       1        13.31           13.31  slow
 AND2X2                  (C)       1        13.31           13.31  slow
 AND2XL                  (C)       1        13.31           13.31  slow
 AND3XL                  (C)       2        16.63           33.26  slow
 AOI21XL                 (C)       1        13.31           13.31  slow
 AOI2BB1XL               (C)       1        16.63           16.63  slow
 DFFRHQXL                (S)       5        69.85          349.27  slow
 DFFSX1                  (S)       1        63.20           63.20  slow
 DFFXL                   (S)    1792        56.55       101335.45  slow
 INVX1                   (C)      64         6.65          425.78  slow
 MX2X1                   (C)     896        26.61        23843.64  slow
 MXI2X1                  (C)    1792        23.28        41726.36  slow
 NAND2BX1                (C)       1        13.31           13.31  slow
 NAND2X1                 (C)       8         9.98           79.83  slow
 NAND3BX1                (C)       2        16.63           33.26  slow
 NAND3X1                 (C)      11        13.31          146.36  slow
 NAND4BBX1               (C)       1        26.61           26.61  slow
 NAND4BBXL               (C)       2        26.61           53.22  slow
 NAND4BXL                (C)       5        19.96           99.79  slow
 NAND4X1                 (C)       6        16.63           99.79  slow
 NOR2BX1                 (C)       1        13.31           13.31  slow
 NOR2BX2                 (C)       6        19.96          119.75  slow
 NOR2BXL                 (C)       3        13.31           39.92  slow
 NOR2X1                  (C)       1         9.98            9.98  slow
 NOR2X2                  (C)      32        16.63          532.22  slow
 NOR2XL                  (C)       2         9.98           19.96  slow
 NOR3BX1                 (C)       2        19.96           39.92  slow
 NOR3BXL                 (C)       1        19.96           19.96  slow
 NOR3X2                  (C)       1        23.28           23.28  slow
 NOR4BX1                 (C)       4        19.96           79.83  slow
 NOR4BX2                 (C)       1        33.26           33.26  slow
 NOR4BXL                 (C)       1        19.96           19.96  slow
 OAI21XL                 (C)       1        13.31           13.31  slow
 OR4X2                   (C)       4        19.96           79.83  slow
 OR4XL                   (C)       1        19.96           19.96  slow
 PVSS1CANPW              (C)       1     15960.00        15960.00  SP018W_V1p8_max
 XNOR2X1                 (C)       1        26.61           26.61  slow
 XNOR2XL                 (C)       1        26.61           26.61  slow
 XOR2XL                  (C)       1        26.61           26.61  slow
===============================================================================


=================================================================
Design: DWconv_MultAdd
Total number of library cell instances:                     16863
Number of library cell instances under current level:       16863
Number of subdesign instances under current level:              0

Combinational library cell area under current level:    252330.66
Sequential library cell area under current level:        43875.22
Buffer cell area under current level:                        0.00
Inverter cell area under current level:                   5395.42
Subdesign instance area:                                     0.00
Wire load model:                                                 
Net area:                                                    0.00

Total area:                                             301601.30

-------------------------------------------------------------------------------
 Gate                   Type  Counts         Area        Area Sum  Library
-------------------------------------------------------------------------------
 AND2X1                  (C)       9        13.31          119.75  slow
 AND2XL                  (C)     483        13.31         6426.60  slow
 AND3X1                  (C)       7        16.63          116.42  slow
 AND3XL                  (C)     182        16.63         3027.02  slow
 AND4X1                  (C)       2        19.96           39.92  slow
 AND4XL                  (C)     194        19.96         3871.93  slow
 AOI211X1                (C)      28        16.63          465.70  slow
 AOI211XL                (C)     142        16.63         2361.74  slow
 AOI21X1                 (C)     154        13.31         2049.06  slow
 AOI21XL                 (C)    1123        13.31        14942.19  slow
 AOI221X1                (C)       6        23.28          139.71  slow
 AOI221XL                (C)      24        23.28          558.84  slow
 AOI222X1                (C)       2        26.61           53.22  slow
 AOI222XL                (C)       3        26.61           79.83  slow
 AOI22X1                 (C)      22        16.63          365.90  slow
 AOI22XL                 (C)     551        16.63         9164.23  slow
 AOI2BB1X1               (C)      23        16.63          382.54  slow
 AOI2BB1XL               (C)     307        16.63         5106.02  slow
 AOI2BB2X1               (C)      31        23.28          721.83  slow
 AOI2BB2XL               (C)      35        23.28          814.97  slow
 AOI31X1                 (C)      29        16.63          482.33  slow
 AOI31XL                 (C)     145        16.63         2411.64  slow
 AOI32X1                 (C)       5        23.28          116.42  slow
 AOI32XL                 (C)      26        23.28          605.40  slow
 AOI33X1                 (C)       1        26.61           26.61  slow
 DFFHQXL                 (S)     618        53.22        32891.44  slow
 DFFRHQXL                (S)      96        69.85         6706.02  slow
 DFFRXL                  (S)      16        76.51         1224.12  slow
 DFFX1                   (S)       8        56.55          452.39  slow
 DFFXL                   (S)      46        56.55         2601.24  slow
 INVX1                   (C)     362         6.65         2408.31  slow
 INVXL                   (C)     449         6.65         2987.11  slow
 MX2XL                   (C)       6        26.61          159.67  slow
 MXI2X1                  (C)       3        23.28           69.85  slow
 MXI2XL                  (C)      36        23.28          838.25  slow
 NAND2BX1                (C)      51        13.31          678.59  slow
 NAND2BXL                (C)     948        13.31        12613.71  slow
 NAND2X1                 (C)      90         9.98          898.13  slow
 NAND2XL                 (C)    2566         9.98        25606.63  slow
 NAND3BX1                (C)      13        16.63          216.22  slow
 NAND3BXL                (C)      91        16.63         1513.51  slow
 NAND3X1                 (C)       8        13.31          106.44  slow
 NAND3XL                 (C)     291        13.31         3871.93  slow
 NAND4BXL                (C)       7        19.96          139.71  slow
 NAND4X1                 (C)       7        16.63          116.42  slow
 NAND4XL                 (C)     255        16.63         4241.16  slow
 NOR2BX1                 (C)      36        13.31          479.00  slow
 NOR2BXL                 (C)     687        13.31         9140.95  slow
 NOR2X1                  (C)      87         9.98          868.19  slow
 NOR2XL                  (C)    1382         9.98        13791.25  slow
 NOR3BX1                 (C)       1        19.96           19.96  slow
 NOR3BXL                 (C)      21        19.96          419.13  slow
 NOR3X1                  (C)      10        13.31          133.06  slow
 NOR3XL                  (C)     153        13.31         2035.76  slow
 NOR4BX1                 (C)       4        19.96           79.83  slow
 NOR4BXL                 (C)       5        19.96           99.79  slow
 NOR4X1                  (C)       2        19.96           39.92  slow
 NOR4XL                  (C)       9        19.96          179.63  slow
 OAI211X1                (C)       7        19.96          139.71  slow
 OAI211XL                (C)     106        19.96         2115.59  slow
 OAI21XL                 (C)    1265        13.31        16831.58  slow
 OAI221XL                (C)      39        23.28          908.11  slow
 OAI222XL                (C)       5        26.61          133.06  slow
 OAI22X1                 (C)       6        19.96          119.75  slow
 OAI22XL                 (C)      68        19.96         1357.17  slow
 OAI2BB1X1               (C)      21        16.63          349.27  slow
 OAI2BB1XL               (C)     334        16.63         5555.09  slow
 OAI2BB2X1               (C)      30        23.28          698.54  slow
 OAI2BB2XL               (C)      38        23.28          884.82  slow
 OAI31X1                 (C)       3        19.96           59.88  slow
 OAI31XL                 (C)      57        19.96         1137.63  slow
 OAI32X1                 (C)       4        23.28           93.14  slow
 OAI32XL                 (C)      16        23.28          372.56  slow
 OAI33XL                 (C)      10        26.61          266.11  slow
 OR2X1                   (C)      15        13.31          199.58  slow
 OR2XL                   (C)     428        13.31         5694.80  slow
 OR3XL                   (C)     164        16.63         2727.65  slow
 OR4X1                   (C)       2        19.96           39.92  slow
 OR4XL                   (C)      22        19.96          439.08  slow
 PVSS1CANPW              (C)       1     15960.00        15960.00  SP018W_V1p8_max
 XNOR2X1                 (C)      50        26.61         1330.56  slow
 XNOR2XL                 (C)    1244        26.61        33104.33  slow
 XNOR3X2                 (C)      28        59.88         1676.51  slow
 XOR2X1                  (C)     136        26.61         3619.12  slow
 XOR2XL                  (C)     846        26.61        22513.08  slow
 XOR3X2                  (C)      20        59.88         1197.50  slow
===============================================================================
