

*******************************************************************************
* Report  : Timing                                                            *
* Command : analyze_timing > ../reports/timing_report_clk_with_driving.rpt   *
* Design  : CNN_chip                                                          *
* Version : main_1229_2e0365ed.rel                                            *
* Date    : 5:37 PM, 29-Apr-26                                                *
*******************************************************************************
*******************************************************************************
* MAX Timing Analysis                                                         *
* Analysis type : bc_wc                                                       *
* Environment Library : slow                                                  *
* Operating Conditions: slow                                                  *
* Wire Load Library : slow                                                    *
* Wire Load Model Mode:          segmented                                    *
* Wire Load Model From:          default                                      *
* Wire Load Model On Top Design:                                              *
*******************************************************************************
*******************************************************************************
* Legend :                                                                    *
* re: rising-edge                                                             *
* fe: falling-edge                                                            *
* pl: positive-level                                                          *
* nl: negative-level                                                          *
* ': inverted clock                                                           *
* *: delay is annotated from SDF                                              *
* &: delay is from BBox/RC-tree                                               *
* #: delay is set by command                                                  *
*******************************************************************************


*******************************************************************************
* Report  : Critical paths for each clock group                               *
* Design  : CNN_chip                                                          *
*******************************************************************************


Beginpoint: inst_CNN_Top/u_cnn/u_conv/weight_rom/sram_inst[4].u_sram (re-triggered flip-flop clocked by clk)
Endpoint: inst_CNN_Top/u_cnn/u_conv/mult_add_inst/row_gen[0].col_gen[3].cell_inst/s1_prod_reg[75][14] (re-triggered flip-flop clocked by clk)
Path Group: clk
Delay Type: max

Point (Gate Type)                                    Inc.         Path  
------------------------------------------------------------------------
clock clk (re)                                       0.00         0.00
clock tree delay (ideal)                             0.30         0.30
inst_CNN_Top/u_cnn/u_conv/weight_rom/sram_inst[4].u_sram/CLK (S018V3EBCDSP_X8Y4D128_PR)
                                                     0.00         0.30 R
inst_CNN_Top/u_cnn/u_conv/weight_rom/sram_inst[4].u_sram/Q[93] (S018V3EBCDSP_X8Y4D128_PR)
                                                     2.11         2.41 R
inst_CNN_Top/u_cnn/u_conv/mult_add_inst/conv_weights[605] (Conv_MultAdd)
                                                     0.00         2.41 R
inst_CNN_Top/u_cnn/u_conv/mult_add_inst/u5327/Y (INVX1)
                                                     0.08         2.49 F
inst_CNN_Top/u_cnn/u_conv/mult_add_inst/u5328/Y (INVX4)
                                                     0.41         2.90 R
inst_CNN_Top/u_cnn/u_conv/mult_add_inst/row_gen[0].col_gen[3].cell_inst/conv_weights[605] (Conv_MultAdd_cell_4)
                                                     0.00         2.90 R
inst_CNN_Top/u_cnn/u_conv/mult_add_inst/row_gen[0].col_gen[3].cell_inst/u32567/Y (NAND2XL)
                                                     0.23         3.13 F
inst_CNN_Top/u_cnn/u_conv/mult_add_inst/row_gen[0].col_gen[3].cell_inst/u32568/Y (AND3XL)
                                                     0.38         3.51 F
inst_CNN_Top/u_cnn/u_conv/mult_add_inst/row_gen[0].col_gen[3].cell_inst/u32570/Y (NOR2XL)
                                                     0.11         3.62 R
inst_CNN_Top/u_cnn/u_conv/mult_add_inst/row_gen[0].col_gen[3].cell_inst/u32571/Y (XOR2XL)
                                                     0.38         4.00 F
inst_CNN_Top/u_cnn/u_conv/mult_add_inst/row_gen[0].col_gen[3].cell_inst/u32573/Y (OR2XL)
                                                     0.25         4.26 F
inst_CNN_Top/u_cnn/u_conv/mult_add_inst/row_gen[0].col_gen[3].cell_inst/u32574/Y (NAND2XL)
                                                     0.09         4.35 R
inst_CNN_Top/u_cnn/u_conv/mult_add_inst/row_gen[0].col_gen[3].cell_inst/u32575/Y (XOR2XL)
                                                     0.39         4.74 R
inst_CNN_Top/u_cnn/u_conv/mult_add_inst/row_gen[0].col_gen[3].cell_inst/u32576/Y (OAI21XL)
                                                     0.14         4.88 F
inst_CNN_Top/u_cnn/u_conv/mult_add_inst/row_gen[0].col_gen[3].cell_inst/u32578/Y (OAI22XL)
                                                     0.19         5.07 R
inst_CNN_Top/u_cnn/u_conv/mult_add_inst/row_gen[0].col_gen[3].cell_inst/u32598/Y (NAND2BXL)
                                                     0.20         5.27 R
inst_CNN_Top/u_cnn/u_conv/mult_add_inst/row_gen[0].col_gen[3].cell_inst/u32623/Y (AND2XL)
                                                     0.18         5.45 R
inst_CNN_Top/u_cnn/u_conv/mult_add_inst/row_gen[0].col_gen[3].cell_inst/u32624/Y (XNOR2XL)
                                                     0.38         5.83 F
inst_CNN_Top/u_cnn/u_conv/mult_add_inst/row_gen[0].col_gen[3].cell_inst/u32650/Y (AND2XL)
                                                     0.20         6.03 F
inst_CNN_Top/u_cnn/u_conv/mult_add_inst/row_gen[0].col_gen[3].cell_inst/u32777/Y (AOI2BB1X1)
                                                     0.32         6.35 F
inst_CNN_Top/u_cnn/u_conv/mult_add_inst/row_gen[0].col_gen[3].cell_inst/u32781/Y (NOR3X1)
                                                     0.26         6.61 R
inst_CNN_Top/u_cnn/u_conv/mult_add_inst/row_gen[0].col_gen[3].cell_inst/u32794/Y (NOR2X1)
                                                     0.08         6.68 F
inst_CNN_Top/u_cnn/u_conv/mult_add_inst/row_gen[0].col_gen[3].cell_inst/u32795/Y (NOR2BX1)
                                                     0.17         6.85 R
inst_CNN_Top/u_cnn/u_conv/mult_add_inst/row_gen[0].col_gen[3].cell_inst/u32812/Y (AOI21X1)
                                                     0.12         6.98 F
inst_CNN_Top/u_cnn/u_conv/mult_add_inst/row_gen[0].col_gen[3].cell_inst/u32814/Y (NOR2BX1)
                                                     0.21         7.18 F
inst_CNN_Top/u_cnn/u_conv/mult_add_inst/row_gen[0].col_gen[3].cell_inst/u32818/Y (NOR2X1)
                                                     0.14         7.33 R
inst_CNN_Top/u_cnn/u_conv/mult_add_inst/row_gen[0].col_gen[3].cell_inst/u35003/Y (XNOR2X1)
                                                     0.26         7.59 F
inst_CNN_Top/u_cnn/u_conv/mult_add_inst/row_gen[0].col_gen[3].cell_inst/s1_prod_reg[75][14]/D (DFFHQXL)
                                                     0.00         7.59 F
data arrival time                                                 7.59

clock clk (re)                                       8.00         8.00
clock tree delay (ideal)                             0.30         8.30
inst_CNN_Top/u_cnn/u_conv/mult_add_inst/row_gen[0].col_gen[3].cell_inst/s1_prod_reg[75][14]/CK (DFFHQXL)
                                                     0.00         8.30 R
clock uncertainty                                   -0.50         7.80
library setup time                                  -0.21         7.59
data required time                                                7.59
------------------------------------------------------------------------
data required time                                                7.59
data arrival time                                                -7.59
------------------------------------------------------------------------
slack (MET)                                                       0.00

